reac-pw: recovered REAC rate = 48000 Hz (4000 pps), rx stream = box upstream return (box-width)
reac-pw: MASTER role (M-200 profile) on 'enp128s20f0u6' — event-driven establishment: probing until the box's cold-connect (cdea 04 03) arrives; FSM/RX transcript on stderr
reac-pw: MASTER autodetect — reac-capture / reac-playback appear sized to the box once it is recognized on the wire
reac-master: [42451.012370] IDLE -> PROBING (timer)
reac-pacer: ring depth 0 frames (0.00 ms) [interval min 0 (0.00 ms) max 0 (0.00 ms)] | guard trims=0 dropped=0 frames | tx_errors=0 late_wakes=0 catchup=0 dropped_slots=0
reac-disco: [42451.711418] box 00:40:ab:c4:dc:9c model=s0808
reac-master: [42451.711425] recognized box = S-0808 (8 in / 8 out) from 00:40:ab:c4:dc:9c
reac-master: [42451.711426] box presence GAINED (CONFIG from 00:40:ab:c4:dc:9c)
reac-master: [42451.711426] rx CONFIG from 00:40:ab:c4:dc:9c (state GRANTING)
reac-master: [42451.711426] PROBING -> GRANTING (rx CONFIG)
reac-master: [42451.711652] rx UNICAST from 00:40:ab:c4:dc:9c (state GRANTING)
reac-pw: autodetected S-0808 (8 in / 8 out) -> reac-capture 8 in / reac-playback 8 out
reac-master: [42451.862399] box presence LOST (600 frames silent)
reac-master: [42451.914900] box presence GAINED (UNICAST from 00:40:ab:c4:dc:9c)
reac-master: [42452.463400] box JOIN seen (cdea 04 03, unicast from 00:40:ab:c4:dc:9c) -> GRANTING
  blk: 04030014000200fe 0ff0410a00001212 01000600010078f7 0000000000000000 
reac-master: [42452.463649] box JOIN seen (cdea 04 03, unicast from 00:40:ab:c4:dc:9c) -> GRANTING
  blk: 04030013000200fe 0ef0410a00001212 03020001007af700 0000000000000002 
reac-master: [42452.463901] rx HEARTBEAT from 00:40:ab:c4:dc:9c (state GRANTING)
reac-master: [42453.339460] box JOIN seen (cdea 04 03, unicast from 00:40:ab:c4:dc:9c) -> GRANTING
  blk: 04030013000200fe 0ef0410a00001212 050010110852f700 0000000000000002 
reac-master: [42453.408212] GRANTING -> ESTABLISHED (timer)
reac-master: [42453.408460] rx UNICAST from 00:40:ab:c4:dc:9c (state ESTABLISHED, 946.8 ms after last chanmap)
reac-disco: [42453.711880] box 00:40:ab:c4:dc:9c model=s0808 (ours)
reac-master: [42454.163082] rx HEARTBEAT from 00:40:ab:c4:dc:9c (state ESTABLISHED)
reac-pacer: ring depth 45 frames (11.25 ms) [interval min 0 (0.00 ms) max 55 (13.75 ms)] | guard trims=0 dropped=0 frames | tx_errors=0 late_wakes=16 catchup=0 dropped_slots=26
reac-health: drift +782.2 ppm | discard 0.000 frames/s (0.000 ms/s) | ring 46 frames (11.50 ms) | late 1.57/s (catchup 0.00/s, dropped 2.55/s) | tx_errors 0 | rate-match n/a ppm
reac-pacer: ring depth 58 frames (14.50 ms) [interval min 23 (5.75 ms) max 67 (16.75 ms)] | guard trims=0 dropped=0 frames | tx_errors=0 late_wakes=23 catchup=0 dropped_slots=36
reac-health: drift +301.3 ppm | discard 0.000 frames/s (0.000 ms/s) | ring 58 frames (14.50 ms) | late 0.60/s (catchup 0.00/s, dropped 0.90/s) | tx_errors 0 | rate-match n/a ppm
reac-pacer: ring depth 59 frames (14.75 ms) [interval min 33 (8.25 ms) max 68 (17.00 ms)] | guard trims=0 dropped=0 frames | tx_errors=0 late_wakes=24 catchup=0 dropped_slots=37
reac-health: drift +22.1 ppm | discard 0.000 frames/s (0.000 ms/s) | ring 47 frames (11.75 ms) | late 0.10/s (catchup 0.00/s, dropped 0.10/s) | tx_errors 0 | rate-match n/a ppm
reac-pacer: ring depth 78 frames (19.50 ms) [interval min 35 (8.75 ms) max 97 (24.25 ms)] | guard trims=0 dropped=0 frames | tx_errors=0 late_wakes=34 catchup=0 dropped_slots=63
reac-health: drift +734.2 ppm | discard 0.000 frames/s (0.000 ms/s) | ring 87 frames (21.75 ms) | late 0.98/s (catchup 0.00/s, dropped 2.55/s) | tx_errors 0 | rate-match n/a ppm
reac-pacer: ring depth 102 frames (25.50 ms) [interval min 59 (14.75 ms) max 123 (30.75 ms)] | guard trims=0 dropped=0 frames | tx_errors=0 late_wakes=45 catchup=0 dropped_slots=84
reac-health: drift +616.1 ppm | discard 0.000 frames/s (0.000 ms/s) | ring 103 frames (25.75 ms) | late 1.08/s (catchup 0.00/s, dropped 2.06/s) | tx_errors 0 | rate-match n/a ppm
reac-pacer: ring depth 22 frames (5.50 ms) [interval min 0 (0.00 ms) max 142 (35.50 ms)] | guard trims=0 dropped=0 frames | tx_errors=0 late_wakes=74 catchup=0 dropped_slots=133
reac-health: drift +2386.4 ppm | discard 0.000 frames/s (0.000 ms/s) | ring 50 frames (12.50 ms) | late 4.00/s (catchup 0.00/s, dropped 8.20/s) | tx_errors 0 | rate-match n/a ppm
reac-pacer: ring depth 30 frames (7.50 ms) [interval min 0 (0.00 ms) max 71 (17.75 ms)] | guard trims=0 dropped=0 frames | tx_errors=0 late_wakes=111 catchup=0 dropped_slots=197
reac-health: drift +1116.1 ppm | discard 0.000 frames/s (0.000 ms/s) | ring 15 frames (3.75 ms) | late 2.94/s (catchup 0.00/s, dropped 3.53/s) | tx_errors 0 | rate-match n/a ppm
reac-pacer: ring depth 7 frames (1.75 ms) [interval min 0 (0.00 ms) max 51 (12.75 ms)] | guard trims=0 dropped=0 frames | tx_errors=0 late_wakes=132 catchup=0 dropped_slots=222
reac-health: drift +725.0 ppm | discard 0.000 frames/s (0.000 ms/s) | ring 18 frames (4.50 ms) | late 1.80/s (catchup 0.00/s, dropped 2.20/s) | tx_errors 0 | rate-match n/a ppm
reac-pacer: ring depth 56 frames (14.00 ms) [interval min 0 (0.00 ms) max 60 (15.00 ms)] | guard trims=0 dropped=0 frames | tx_errors=0 late_wakes=145 catchup=0 dropped_slots=240
reac-health: drift +491.2 ppm | discard 0.000 frames/s (0.000 ms/s) | ring 45 frames (11.25 ms) | late 1.18/s (catchup 0.00/s, dropped 1.57/s) | tx_errors 0 | rate-match n/a ppm
reac-pacer: ring depth 61 frames (15.25 ms) [interval min 24 (6.00 ms) max 75 (18.75 ms)] | guard trims=0 dropped=0 frames | tx_errors=0 late_wakes=152 catchup=0 dropped_slots=253
reac-health: drift +390.2 ppm | discard 0.000 frames/s (0.000 ms/s) | ring 72 frames (18.00 ms) | late 0.69/s (catchup 0.00/s, dropped 1.27/s) | tx_errors 0 | rate-match n/a ppm
reac-pacer: ring depth 94 frames (23.50 ms) [interval min 39 (9.75 ms) max 106 (26.50 ms)] | guard trims=0 dropped=0 frames | tx_errors=0 late_wakes=167 catchup=0 dropped_slots=276
reac-health: drift +829.0 ppm | discard 0.000 frames/s (0.000 ms/s) | ring 105 frames (26.25 ms) | late 1.50/s (catchup 0.00/s, dropped 2.30/s) | tx_errors 0 | rate-match n/a ppm
reac-pacer: ring depth 91 frames (22.75 ms) [interval min 66 (16.50 ms) max 115 (28.75 ms)] | guard trims=0 dropped=0 frames | tx_errors=0 late_wakes=174 catchup=0 dropped_slots=283
reac-health: drift +192.7 ppm | discard 0.000 frames/s (0.000 ms/s) | ring 81 frames (20.25 ms) | late 0.69/s (catchup 0.00/s, dropped 0.69/s) | tx_errors 0 | rate-match n/a ppm
reac-pacer: ring depth 113 frames (28.25 ms) [interval min 61 (15.25 ms) max 136 (34.00 ms)] | guard trims=0 dropped=0 frames | tx_errors=0 late_wakes=200 catchup=0 dropped_slots=317
reac-health: drift +1150.8 ppm | discard 0.000 frames/s (0.000 ms/s) | ring 127 frames (31.75 ms) | late 2.90/s (catchup 0.00/s, dropped 3.70/s) | tx_errors 0 | rate-match n/a ppm
reac-pacer: ring depth 167 frames (41.75 ms) [interval min 102 (25.50 ms) max 191 (47.75 ms)] | guard trims=0 dropped=0 frames | tx_errors=0 late_wakes=235 catchup=0 dropped_slots=359
reac-health: drift +1436.9 ppm | discard 0.000 frames/s (0.000 ms/s) | ring 184 frames (46.00 ms) | late 3.60/s (catchup 0.00/s, dropped 4.30/s) | tx_errors 0 | rate-match n/a ppm
reac-pacer: ring depth 215 frames (53.75 ms) [interval min 150 (37.50 ms) max 227 (56.75 ms)] | guard trims=0 dropped=0 frames | tx_errors=0 late_wakes=266 catchup=0 dropped_slots=402
reac-health: drift +1287.4 ppm | discard 0.000 frames/s (0.000 ms/s) | ring 205 frames (51.25 ms) | late 2.65/s (catchup 0.00/s, dropped 3.82/s) | tx_errors 0 | rate-match n/a ppm
reac-pacer: ring depth 260 frames (65.00 ms) [interval min 197 (49.25 ms) max 262 (65.50 ms)] | guard trims=0 dropped=0 frames | tx_errors=0 late_wakes=282 catchup=0 dropped_slots=431
reac-health: drift +905.4 ppm | discard 0.000 frames/s (0.000 ms/s) | ring 252 frames (63.00 ms) | late 1.76/s (catchup 0.00/s, dropped 3.04/s) | tx_errors 0 | rate-match n/a ppm
reac-pacer: ring depth 260 frames (65.00 ms) [interval min 233 (58.25 ms) max 276 (69.00 ms)] | guard trims=0 dropped=0 frames | tx_errors=0 late_wakes=290 catchup=0 dropped_slots=442
reac-health: drift +275.2 ppm | discard 0.000 frames/s (0.000 ms/s) | ring 263 frames (65.75 ms) | late 0.60/s (catchup 0.00/s, dropped 0.90/s) | tx_errors 0 | rate-match n/a ppm
reac-pacer: ring depth 280 frames (70.00 ms) [interval min 242 (60.50 ms) max 291 (72.75 ms)] | guard trims=0 dropped=0 frames | tx_errors=0 late_wakes=300 catchup=0 dropped_slots=454
reac-health: drift +425.0 ppm | discard 0.000 frames/s (0.000 ms/s) | ring 280 frames (70.00 ms) | late 1.00/s (catchup 0.00/s, dropped 1.20/s) | tx_errors 0 | rate-match n/a ppm
reac-pacer: ring depth 295 frames (73.75 ms) [interval min 259 (64.75 ms) max 316 (79.00 ms)] | guard trims=0 dropped=0 frames | tx_errors=0 late_wakes=314 catchup=0 dropped_slots=473
reac-health: drift +625.1 ppm | discard 0.000 frames/s (0.000 ms/s) | ring 305 frames (76.25 ms) | late 1.40/s (catchup 0.00/s, dropped 1.90/s) | tx_errors 0 | rate-match n/a ppm
reac-pacer: ring depth 305 frames (76.25 ms) [interval min 277 (69.25 ms) max 316 (79.00 ms)] | guard trims=0 dropped=0 frames | tx_errors=0 late_wakes=314 catchup=0 dropped_slots=473
reac-health: drift -1.1 ppm | discard 0.000 frames/s (0.000 ms/s) | ring 293 frames (73.25 ms) | late 0.00/s (catchup 0.00/s, dropped 0.00/s) | tx_errors 0 | rate-match n/a ppm
reac-pacer: ring depth 306 frames (76.50 ms) [interval min 278 (69.50 ms) max 319 (79.75 ms)] | guard trims=0 dropped=0 frames | tx_errors=0 late_wakes=316 catchup=0 dropped_slots=475
reac-health: drift +74.9 ppm | discard 0.000 frames/s (0.000 ms/s) | ring 308 frames (77.00 ms) | late 0.20/s (catchup 0.00/s, dropped 0.20/s) | tx_errors 0 | rate-match n/a ppm
reac-pacer: ring depth 300 frames (75.00 ms) [interval min 284 (71.00 ms) max 321 (80.25 ms)] | guard trims=0 dropped=0 frames | tx_errors=0 late_wakes=318 catchup=0 dropped_slots=477
reac-health: drift +51.5 ppm | discard 0.000 frames/s (0.000 ms/s) | ring 310 frames (77.50 ms) | late 0.20/s (catchup 0.00/s, dropped 0.20/s) | tx_errors 0 | rate-match n/a ppm
reac-pacer: ring depth 322 frames (80.50 ms) [interval min 288 (72.00 ms) max 331 (82.75 ms)] | guard trims=0 dropped=0 frames | tx_errors=0 late_wakes=325 catchup=0 dropped_slots=485
reac-health: drift +292.1 ppm | discard 0.000 frames/s (0.000 ms/s) | ring 312 frames (78.00 ms) | late 0.69/s (catchup 0.00/s, dropped 0.78/s) | tx_errors 0 | rate-match n/a ppm
reac-pacer: ring depth 330 frames (82.50 ms) [interval min 296 (74.00 ms) max 338 (84.50 ms)] | guard trims=0 dropped=0 frames | tx_errors=0 late_wakes=330 catchup=0 dropped_slots=490
reac-health: drift +200.1 ppm | discard 0.000 frames/s (0.000 ms/s) | ring 320 frames (80.00 ms) | late 0.50/s (catchup 0.00/s, dropped 0.50/s) | tx_errors 0 | rate-match n/a ppm
reac-pacer: ring depth 322 frames (80.50 ms) [interval min 301 (75.25 ms) max 342 (85.50 ms)] | guard trims=0 dropped=0 frames | tx_errors=0 late_wakes=332 catchup=0 dropped_slots=492
reac-health: drift +100.4 ppm | discard 0.000 frames/s (0.000 ms/s) | ring 323 frames (80.75 ms) | late 0.30/s (catchup 0.00/s, dropped 0.30/s) | tx_errors 0 | rate-match n/a ppm
reac-pacer: ring depth 330 frames (82.50 ms) [interval min 308 (77.00 ms) max 351 (87.75 ms)] | guard trims=0 dropped=0 frames | tx_errors=0 late_wakes=337 catchup=0 dropped_slots=499
reac-health: drift +176.7 ppm | discard 0.000 frames/s (0.000 ms/s) | ring 331 frames (82.75 ms) | late 0.40/s (catchup 0.00/s, dropped 0.60/s) | tx_errors 0 | rate-match n/a ppm
reac-pacer: ring depth 345 frames (86.25 ms) [interval min 318 (79.50 ms) max 354 (88.50 ms)] | guard trims=0 dropped=0 frames | tx_errors=0 late_wakes=339 catchup=0 dropped_slots=502
reac-health: drift +96.5 ppm | discard 0.000 frames/s (0.000 ms/s) | ring 345 frames (86.25 ms) | late 0.20/s (catchup 0.00/s, dropped 0.29/s) | tx_errors 0 | rate-match n/a ppm
reac-pacer: ring depth 348 frames (87.00 ms) [interval min 318 (79.50 ms) max 366 (91.50 ms)] | guard trims=0 dropped=0 frames | tx_errors=0 late_wakes=346 catchup=0 dropped_slots=512
reac-health: drift +318.5 ppm | discard 0.000 frames/s (0.000 ms/s) | ring 348 frames (87.00 ms) | late 0.69/s (catchup 0.00/s, dropped 0.98/s) | tx_errors 0 | rate-match n/a ppm
reac-pacer: ring depth 369 frames (92.25 ms) [interval min 338 (84.50 ms) max 377 (94.25 ms)] | guard trims=0 dropped=0 frames | tx_errors=0 late_wakes=352 catchup=0 dropped_slots=519
reac-health: drift +294.6 ppm | discard 0.000 frames/s (0.000 ms/s) | ring 370 frames (92.50 ms) | late 0.69/s (catchup 0.00/s, dropped 0.78/s) | tx_errors 0 | rate-match n/a ppm
reac-pacer: ring depth 200 frames (50.00 ms) [interval min 176 (44.00 ms) max 378 (94.50 ms)] | guard trims=0 dropped=0 frames | tx_errors=0 late_wakes=374 catchup=0 dropped_slots=557
reac-health: drift +1272.9 ppm | discard 0.000 frames/s (0.000 ms/s) | ring 200 frames (50.00 ms) | late 2.60/s (catchup 0.00/s, dropped 4.20/s) | tx_errors 0 | rate-match n/a ppm
reac-pacer: ring depth 127 frames (31.75 ms) [interval min 104 (26.00 ms) max 232 (58.00 ms)] | guard trims=0 dropped=0 frames | tx_errors=0 late_wakes=390 catchup=0 dropped_slots=574
reac-health: drift +369.5 ppm | discard 0.000 frames/s (0.000 ms/s) | ring 127 frames (31.75 ms) | late 1.08/s (catchup 0.00/s, dropped 1.18/s) | tx_errors 0 | rate-match n/a ppm
reac-pacer: ring depth 106 frames (26.50 ms) [interval min 75 (18.75 ms) max 143 (35.75 ms)] | guard trims=0 dropped=0 frames | tx_errors=0 late_wakes=399 catchup=0 dropped_slots=583
reac-health: drift +326.3 ppm | discard 0.000 frames/s (0.000 ms/s) | ring 119 frames (29.75 ms) | late 1.00/s (catchup 0.00/s, dropped 1.00/s) | tx_errors 0 | rate-match n/a ppm
reac-pacer: ring depth 141 frames (35.25 ms) [interval min 87 (21.75 ms) max 148 (37.00 ms)] | guard trims=0 dropped=0 frames | tx_errors=0 late_wakes=414 catchup=0 dropped_slots=601
reac-health: drift +541.3 ppm | discard 0.000 frames/s (0.000 ms/s) | ring 130 frames (32.50 ms) | late 1.37/s (catchup 0.00/s, dropped 1.67/s) | tx_errors 0 | rate-match n/a ppm
reac-master: shutdown in ESTABLISHED — tx=1354768 err=0 late=417 | rx_box_frames=1351869 rx_box_ctrl=343 rx_joins=3 grant_attempts=1 | drops: peer-gone=0 bye=0 mac-change=0 grant-timeout=0 | log-drops=0
