reac-pw: REAC rate = 48000 Hz (4000 pps) from --rate on the command line
reac-pw: recovered REAC rate = 48000 Hz (4000 pps), rx stream = box upstream return (box-width)
reac-pw: MASTER role (M-200 profile) on 'enp128s20f0u6' — event-driven establishment: probing until the box's cold-connect (cdea 04 03) arrives; FSM/RX transcript on stderr
reac-pw: MASTER autodetect — reac-capture / reac-playback appear sized to the box once it is recognized on the wire
reac-master: [47165.470337] IDLE -> PROBING (timer)
reac-pacer: ring depth 0 frames (0.00 ms) [interval min 0 (0.00 ms) max 0 (0.00 ms)] | guard trims=0 dropped=0 frames | tx_errors=0 late_wakes=0 catchup=0 dropped_slots=0
reac-disco: [47166.168832] box 00:40:ab:c4:dc:9c model=s0808
reac-master: [47166.168836] recognized box = S-0808 (8 in / 8 out) from 00:40:ab:c4:dc:9c
reac-master: [47166.168837] box presence GAINED (CONFIG from 00:40:ab:c4:dc:9c)
reac-master: [47166.168837] rx CONFIG from 00:40:ab:c4:dc:9c (state GRANTING)
reac-master: [47166.168837] PROBING -> GRANTING (rx CONFIG)
reac-master: [47166.169072] rx UNICAST from 00:40:ab:c4:dc:9c (state GRANTING)
reac-pw: autodetected S-0808 (8 in / 8 out) -> reac-capture 8 in / reac-playback 8 out
reac-master: [47166.320081] box presence LOST (600 frames silent)
reac-master: [47166.372334] box presence GAINED (UNICAST from 00:40:ab:c4:dc:9c)
reac-master: [47166.921081] box JOIN seen (cdea 04 03, unicast from 00:40:ab:c4:dc:9c) -> GRANTING
  blk: 04030014000200fe 0ff0410a00001212 01000600010078f7 0000000000000000 
reac-master: [47166.921330] box JOIN seen (cdea 04 03, unicast from 00:40:ab:c4:dc:9c) -> GRANTING
  blk: 04030013000200fe 0ef0410a00001212 03020001007af700 0000000000000002 
reac-master: [47166.921580] rx HEARTBEAT from 00:40:ab:c4:dc:9c (state GRANTING)
reac-master: [47167.794833] box JOIN seen (cdea 04 03, unicast from 00:40:ab:c4:dc:9c) -> GRANTING
  blk: 04030013000200fe 0ef0410a00001212 050010110852f700 0000000000000002 
reac-master: [47167.865087] GRANTING -> ESTABLISHED (timer)
reac-master: [47167.865332] rx UNICAST from 00:40:ab:c4:dc:9c (state ESTABLISHED, 946.0 ms after last chanmap)
reac-disco: [47168.169081] box 00:40:ab:c4:dc:9c model=s0808 (ours)
reac-master: [47168.616581] rx HEARTBEAT from 00:40:ab:c4:dc:9c (state ESTABLISHED)
reac-pacer: ring depth 25 frames (6.25 ms) [interval min 0 (0.00 ms) max 44 (11.00 ms)] | guard trims=0 dropped=0 frames | tx_errors=0 late_wakes=6 catchup=0 dropped_slots=8
reac-health: drift +268.3 ppm | discard 0.000 frames/s (0.000 ms/s) | ring 28 frames (7.00 ms) | late 0.69/s (catchup 0.00/s, dropped 0.88/s, worst debt 2 slots) | tx_errors 0 | rate-match n/a ppm
reac-pacer: ring depth 35 frames (8.75 ms) [interval min 16 (4.00 ms) max 55 (13.75 ms)] | guard trims=0 dropped=0 frames | tx_errors=0 late_wakes=12 catchup=0 dropped_slots=16
reac-health: drift +189.4 ppm | discard 0.000 frames/s (0.000 ms/s) | ring 35 frames (8.75 ms) | late 0.40/s (catchup 0.00/s, dropped 0.60/s, worst debt 2 slots) | tx_errors 0 | rate-match n/a ppm
reac-pacer: ring depth 54 frames (13.50 ms) [interval min 24 (6.00 ms) max 62 (15.50 ms)] | guard trims=0 dropped=0 frames | tx_errors=0 late_wakes=16 catchup=0 dropped_slots=21
reac-health: drift +185.7 ppm | discard 0.000 frames/s (0.000 ms/s) | ring 42 frames (10.50 ms) | late 0.40/s (catchup 0.00/s, dropped 0.50/s, worst debt 2 slots) | tx_errors 0 | rate-match n/a ppm
reac-pacer: ring depth 90 frames (22.50 ms) [interval min 28 (7.00 ms) max 108 (27.00 ms)] | guard trims=0 dropped=0 frames | tx_errors=0 late_wakes=45 catchup=0 dropped_slots=57
reac-health: drift +1170.6 ppm | discard 0.000 frames/s (0.000 ms/s) | ring 79 frames (19.75 ms) | late 2.84/s (catchup 0.00/s, dropped 3.53/s, worst debt 3 slots) | tx_errors 0 | rate-match n/a ppm
reac-pacer: ring depth 158 frames (39.50 ms) [interval min 77 (19.25 ms) max 174 (43.50 ms)] | guard trims=0 dropped=0 frames | tx_errors=0 late_wakes=87 catchup=0 dropped_slots=111
reac-health: drift +1967.0 ppm | discard 0.000 frames/s (0.000 ms/s) | ring 171 frames (42.75 ms) | late 4.80/s (catchup 0.00/s, dropped 6.37/s, worst debt 5 slots) | tx_errors 0 | rate-match n/a ppm
reac-pacer: ring depth 251 frames (62.75 ms) [interval min 149 (37.25 ms) max 515 (128.75 ms)] | guard trims=1 dropped=259 frames | tx_errors=0 late_wakes=199 catchup=0 dropped_slots=394
reac-health: drift +8872.5 ppm | discard 25.392 frames/s (6.348 ms/s) | ring 284 frames (71.00 ms) | late 12.35/s (catchup 0.00/s, dropped 29.22/s, worst debt 7 slots) | tx_errors 0 | rate-match n/a ppm
reac-pacer: ring depth 370 frames (92.50 ms) [interval min 233 (58.25 ms) max 378 (94.50 ms)] | guard trims=1 dropped=259 frames | tx_errors=0 late_wakes=266 catchup=0 dropped_slots=489
reac-health: drift +2875.0 ppm | discard 0.000 frames/s (0.000 ms/s) | ring 400 frames (100.00 ms) | late 6.20/s (catchup 0.00/s, dropped 9.10/s, worst debt 3 slots) | tx_errors 0 | rate-match n/a ppm
reac-pacer: ring depth 471 frames (117.75 ms) [interval min 351 (87.75 ms) max 488 (122.00 ms)] | guard trims=1 dropped=259 frames | tx_errors=0 late_wakes=327 catchup=0 dropped_slots=576
reac-health: drift +2205.6 ppm | discard 0.000 frames/s (0.000 ms/s) | ring 479 frames (119.75 ms) | late 4.90/s (catchup 0.00/s, dropped 6.96/s, worst debt 4 slots) | tx_errors 0 | rate-match n/a ppm
reac-pacer: ring depth 240 frames (60.00 ms) [interval min 233 (58.25 ms) max 513 (128.25 ms)] | guard trims=2 dropped=516 frames | tx_errors=0 late_wakes=343 catchup=0 dropped_slots=595
reac-health: drift +1626.0 ppm | discard 25.700 frames/s (6.425 ms/s) | ring 287 frames (71.75 ms) | late 3.80/s (catchup 0.00/s, dropped 4.50/s, worst debt 3 slots) | tx_errors 0 | rate-match n/a ppm
reac-pacer: ring depth 301 frames (75.25 ms) [interval min 229 (57.25 ms) max 308 (77.00 ms)] | guard trims=2 dropped=516 frames | tx_errors=0 late_wakes=372 catchup=0 dropped_slots=630
reac-health: drift +390.6 ppm | discard 0.000 frames/s (0.000 ms/s) | ring 314 frames (78.50 ms) | late 0.98/s (catchup 0.00/s, dropped 1.18/s, worst debt 2 slots) | tx_errors 0 | rate-match n/a ppm
reac-pacer: ring depth 304 frames (76.00 ms) [interval min 276 (69.00 ms) max 321 (80.25 ms)] | guard trims=2 dropped=516 frames | tx_errors=0 late_wakes=381 catchup=0 dropped_slots=640
reac-health: drift +300.4 ppm | discard 0.000 frames/s (0.000 ms/s) | ring 326 frames (81.50 ms) | late 0.70/s (catchup 0.00/s, dropped 1.00/s, worst debt 2 slots) | tx_errors 0 | rate-match n/a ppm
reac-pacer: ring depth 313 frames (78.25 ms) [interval min 291 (72.75 ms) max 332 (83.00 ms)] | guard trims=2 dropped=516 frames | tx_errors=0 late_wakes=388 catchup=0 dropped_slots=650
reac-health: drift +4284.9 ppm | discard 0.000 frames/s (0.000 ms/s) | ring 497 frames (124.25 ms) | late 5.50/s (catchup 0.00/s, dropped 14.80/s, worst debt 12 slots) | tx_errors 0 | rate-match n/a ppm
reac-pacer: ring depth 252 frames (63.00 ms) [interval min 230 (57.50 ms) max 513 (128.25 ms)] | guard trims=3 dropped=773 frames | tx_errors=0 late_wakes=450 catchup=0 dropped_slots=806
reac-health: drift +2393.2 ppm | discard 25.196 frames/s (6.299 ms/s) | ring 327 frames (81.75 ms) | late 4.22/s (catchup 0.00/s, dropped 7.94/s, worst debt 11 slots) | tx_errors 0 | rate-match n/a ppm
reac-pacer: ring depth 327 frames (81.75 ms) [interval min 233 (58.25 ms) max 343 (85.75 ms)] | guard trims=3 dropped=773 frames | tx_errors=0 late_wakes=485 catchup=0 dropped_slots=878
reac-health: drift +302.3 ppm | discard 0.000 frames/s (0.000 ms/s) | ring 302 frames (75.50 ms) | late 0.88/s (catchup 0.00/s, dropped 0.98/s, worst debt 2 slots) | tx_errors 0 | rate-match n/a ppm
reac-pacer: ring depth 296 frames (74.00 ms) [interval min 274 (68.50 ms) max 351 (87.75 ms)] | guard trims=3 dropped=773 frames | tx_errors=0 late_wakes=494 catchup=0 dropped_slots=888
reac-health: drift +628.4 ppm | discard 0.000 frames/s (0.000 ms/s) | ring 322 frames (80.50 ms) | late 1.18/s (catchup 0.00/s, dropped 2.16/s, worst debt 10 slots) | tx_errors 0 | rate-match n/a ppm
reac-pacer: ring depth 314 frames (78.50 ms) [interval min 276 (69.00 ms) max 337 (84.25 ms)] | guard trims=3 dropped=773 frames | tx_errors=0 late_wakes=507 catchup=0 dropped_slots=911
reac-pacer: ring depth 335 frames (83.75 ms) [interval min 309 (77.25 ms) max 360 (90.00 ms)] | guard trims=3 dropped=773 frames | tx_errors=0 late_wakes=522 catchup=0 dropped_slots=928
reac-health: drift +579.8 ppm | discard 0.000 frames/s (0.000 ms/s) | ring 335 frames (83.75 ms) | late 1.57/s (catchup 0.00/s, dropped 1.76/s, worst debt 2 slots) | tx_errors 0 | rate-match n/a ppm
reac-pacer: ring depth 356 frames (89.00 ms) [interval min 330 (82.50 ms) max 372 (93.00 ms)] | guard trims=3 dropped=773 frames | tx_errors=0 late_wakes=530 catchup=0 dropped_slots=937
reac-health: drift +259.0 ppm | discard 0.000 frames/s (0.000 ms/s) | ring 356 frames (89.00 ms) | late 0.78/s (catchup 0.00/s, dropped 0.88/s, worst debt 2 slots) | tx_errors 0 | rate-match n/a ppm
reac-pacer: ring depth 375 frames (93.75 ms) [interval min 336 (84.00 ms) max 379 (94.75 ms)] | guard trims=3 dropped=773 frames | tx_errors=0 late_wakes=535 catchup=0 dropped_slots=943
reac-health: drift +203.3 ppm | discard 0.000 frames/s (0.000 ms/s) | ring 375 frames (93.75 ms) | late 0.49/s (catchup 0.00/s, dropped 0.59/s, worst debt 2 slots) | tx_errors 0 | rate-match n/a ppm
reac-pacer: ring depth 377 frames (94.25 ms) [interval min 349 (87.25 ms) max 391 (97.75 ms)] | guard trims=3 dropped=773 frames | tx_errors=0 late_wakes=544 catchup=0 dropped_slots=953
reac-health: drift +307.1 ppm | discard 0.000 frames/s (0.000 ms/s) | ring 377 frames (94.25 ms) | late 0.88/s (catchup 0.00/s, dropped 0.98/s, worst debt 2 slots) | tx_errors 0 | rate-match n/a ppm
reac-pacer: ring depth 401 frames (100.25 ms) [interval min 364 (91.00 ms) max 404 (101.00 ms)] | guard trims=3 dropped=773 frames | tx_errors=0 late_wakes=552 catchup=0 dropped_slots=964
reac-health: drift +318.8 ppm | discard 0.000 frames/s (0.000 ms/s) | ring 401 frames (100.25 ms) | late 0.78/s (catchup 0.00/s, dropped 1.08/s, worst debt 3 slots) | tx_errors 0 | rate-match n/a ppm
reac-pacer: ring depth 417 frames (104.25 ms) [interval min 373 (93.25 ms) max 420 (105.00 ms)] | guard trims=3 dropped=773 frames | tx_errors=0 late_wakes=565 catchup=0 dropped_slots=977
reac-health: drift +414.4 ppm | discard 0.000 frames/s (0.000 ms/s) | ring 417 frames (104.25 ms) | late 1.30/s (catchup 0.00/s, dropped 1.30/s, worst debt 1 slots) | tx_errors 0 | rate-match n/a ppm
reac-pacer: ring depth 419 frames (104.75 ms) [interval min 390 (97.50 ms) max 431 (107.75 ms)] | guard trims=3 dropped=773 frames | tx_errors=0 late_wakes=572 catchup=0 dropped_slots=987
reac-health: drift +304.0 ppm | discard 0.000 frames/s (0.000 ms/s) | ring 419 frames (104.75 ms) | late 0.69/s (catchup 0.00/s, dropped 0.98/s, worst debt 3 slots) | tx_errors 0 | rate-match n/a ppm
reac-pacer: ring depth 449 frames (112.25 ms) [interval min 401 (100.25 ms) max 450 (112.50 ms)] | guard trims=3 dropped=773 frames | tx_errors=0 late_wakes=584 catchup=0 dropped_slots=1003
reac-health: drift +477.0 ppm | discard 0.000 frames/s (0.000 ms/s) | ring 449 frames (112.25 ms) | late 1.18/s (catchup 0.00/s, dropped 1.57/s, worst debt 3 slots) | tx_errors 0 | rate-match n/a ppm
reac-pacer: ring depth 470 frames (117.50 ms) [interval min 420 (105.00 ms) max 484 (121.00 ms)] | guard trims=3 dropped=773 frames | tx_errors=0 late_wakes=602 catchup=0 dropped_slots=1028
reac-health: drift +776.4 ppm | discard 0.000 frames/s (0.000 ms/s) | ring 470 frames (117.50 ms) | late 1.76/s (catchup 0.00/s, dropped 2.45/s, worst debt 3 slots) | tx_errors 0 | rate-match n/a ppm
reac-pacer: ring depth 247 frames (61.75 ms) [interval min 230 (57.50 ms) max 513 (128.25 ms)] | guard trims=4 dropped=1030 frames | tx_errors=0 late_wakes=621 catchup=0 dropped_slots=1053
reac-health: drift +1052.1 ppm | discard 25.700 frames/s (6.425 ms/s) | ring 255 frames (63.75 ms) | late 2.50/s (catchup 0.00/s, dropped 3.10/s, worst debt 4 slots) | tx_errors 0 | rate-match n/a ppm
reac-pacer: ring depth 308 frames (77.00 ms) [interval min 235 (58.75 ms) max 320 (80.00 ms)] | guard trims=4 dropped=1030 frames | tx_errors=0 late_wakes=656 catchup=0 dropped_slots=1099
reac-health: drift +1643.3 ppm | discard 0.000 frames/s (0.000 ms/s) | ring 312 frames (78.00 ms) | late 3.63/s (catchup 0.00/s, dropped 5.00/s, worst debt 3 slots) | tx_errors 0 | rate-match n/a ppm
reac-pacer: ring depth 366 frames (91.50 ms) [interval min 295 (73.75 ms) max 377 (94.25 ms)] | guard trims=4 dropped=1030 frames | tx_errors=0 late_wakes=691 catchup=0 dropped_slots=1144
reac-health: drift +1095.5 ppm | discard 0.000 frames/s (0.000 ms/s) | ring 367 frames (91.75 ms) | late 2.75/s (catchup 0.00/s, dropped 3.43/s, worst debt 2 slots) | tx_errors 0 | rate-match n/a ppm
reac-pacer: ring depth 441 frames (110.25 ms) [interval min 344 (86.00 ms) max 444 (111.00 ms)] | guard trims=4 dropped=1030 frames | tx_errors=0 late_wakes=730 catchup=0 dropped_slots=1195
reac-health: drift +2225.2 ppm | discard 0.000 frames/s (0.000 ms/s) | ring 456 frames (114.00 ms) | late 5.00/s (catchup 0.00/s, dropped 6.80/s, worst debt 5 slots) | tx_errors 0 | rate-match n/a ppm
reac-pacer: ring depth 245 frames (61.25 ms) [interval min 232 (58.00 ms) max 513 (128.25 ms)] | guard trims=5 dropped=1287 frames | tx_errors=0 late_wakes=767 catchup=0 dropped_slots=1247
reac-health: drift +2520.5 ppm | discard 25.698 frames/s (6.425 ms/s) | ring 297 frames (74.25 ms) | late 5.70/s (catchup 0.00/s, dropped 7.60/s, worst debt 3 slots) | tx_errors 0 | rate-match n/a ppm
reac-pacer: ring depth 322 frames (80.50 ms) [interval min 231 (57.75 ms) max 342 (85.50 ms)] | guard trims=5 dropped=1287 frames | tx_errors=0 late_wakes=819 catchup=0 dropped_slots=1313
reac-health: drift +1994.5 ppm | discard 0.000 frames/s (0.000 ms/s) | ring 390 frames (97.50 ms) | late 4.41/s (catchup 0.00/s, dropped 6.08/s, worst debt 3 slots) | tx_errors 0 | rate-match n/a ppm
reac-pacer: ring depth 378 frames (94.50 ms) [interval min 312 (78.00 ms) max 398 (99.50 ms)] | guard trims=5 dropped=1287 frames | tx_errors=0 late_wakes=848 catchup=0 dropped_slots=1355
reac-health: drift +166.0 ppm | discard 0.000 frames/s (0.000 ms/s) | ring 388 frames (97.00 ms) | late 0.39/s (catchup 0.00/s, dropped 0.39/s, worst debt 1 slots) | tx_errors 0 | rate-match n/a ppm
reac-pacer: ring depth 393 frames (98.25 ms) [interval min 369 (92.25 ms) max 403 (100.75 ms)] | guard trims=5 dropped=1287 frames | tx_errors=0 late_wakes=852 catchup=0 dropped_slots=1359
reac-health: drift +327.7 ppm | discard 0.000 frames/s (0.000 ms/s) | ring 401 frames (100.25 ms) | late 0.80/s (catchup 0.00/s, dropped 1.10/s, worst debt 3 slots) | tx_errors 0 | rate-match n/a ppm
reac-pacer: ring depth 407 frames (101.75 ms) [interval min 375 (93.75 ms) max 416 (104.00 ms)] | guard trims=5 dropped=1287 frames | tx_errors=0 late_wakes=860 catchup=0 dropped_slots=1370
reac-health: drift +1015.8 ppm | discard 0.000 frames/s (0.000 ms/s) | ring 441 frames (110.25 ms) | late 2.40/s (catchup 0.00/s, dropped 3.20/s, worst debt 4 slots) | tx_errors 0 | rate-match n/a ppm
reac-pacer: ring depth 469 frames (117.25 ms) [interval min 379 (94.75 ms) max 487 (121.75 ms)] | guard trims=5 dropped=1287 frames | tx_errors=0 late_wakes=897 catchup=0 dropped_slots=1429
reac-health: drift +1405.7 ppm | discard 0.000 frames/s (0.000 ms/s) | ring 474 frames (118.50 ms) | late 3.00/s (catchup 0.00/s, dropped 4.60/s, worst debt 6 slots) | tx_errors 0 | rate-match n/a ppm
reac-pacer: ring depth 482 frames (120.50 ms) [interval min 441 (110.25 ms) max 490 (122.50 ms)] | guard trims=5 dropped=1287 frames | tx_errors=0 late_wakes=913 catchup=0 dropped_slots=1448
reac-health: drift +375.6 ppm | discard 0.000 frames/s (0.000 ms/s) | ring 161 frames (40.25 ms) | late 1.08/s (catchup 0.00/s, dropped 1.18/s, worst debt 2 slots) | tx_errors 0 | rate-match n/a ppm
reac-pacer: ring depth 179 frames (44.75 ms) [interval min 146 (36.50 ms) max 497 (124.25 ms)] | guard trims=5 dropped=1287 frames | tx_errors=0 late_wakes=925 catchup=0 dropped_slots=1461
reac-health: drift +282.3 ppm | discard 0.000 frames/s (0.000 ms/s) | ring 172 frames (43.00 ms) | late 0.70/s (catchup 0.00/s, dropped 0.80/s, worst debt 2 slots) | tx_errors 0 | rate-match n/a ppm
reac-pacer: ring depth 176 frames (44.00 ms) [interval min 151 (37.75 ms) max 193 (48.25 ms)] | guard trims=5 dropped=1287 frames | tx_errors=0 late_wakes=931 catchup=0 dropped_slots=1467
reac-health: drift +255.2 ppm | discard 0.000 frames/s (0.000 ms/s) | ring 173 frames (43.25 ms) | late 0.78/s (catchup 0.00/s, dropped 0.78/s, worst debt 1 slots) | tx_errors 0 | rate-match n/a ppm
reac-pacer: ring depth 199 frames (49.75 ms) [interval min 158 (39.50 ms) max 204 (51.00 ms)] | guard trims=5 dropped=1287 frames | tx_errors=0 late_wakes=940 catchup=0 dropped_slots=1476
reac-health: drift +400.4 ppm | discard 0.000 frames/s (0.000 ms/s) | ring 210 frames (52.50 ms) | late 1.10/s (catchup 0.00/s, dropped 1.20/s, worst debt 2 slots) | tx_errors 0 | rate-match n/a ppm
reac-pacer: ring depth 216 frames (54.00 ms) [interval min 177 (44.25 ms) max 221 (55.25 ms)] | guard trims=5 dropped=1287 frames | tx_errors=0 late_wakes=951 catchup=0 dropped_slots=1489
reac-health: drift +234.0 ppm | discard 0.000 frames/s (0.000 ms/s) | ring 218 frames (54.50 ms) | late 0.70/s (catchup 0.00/s, dropped 0.80/s, worst debt 2 slots) | tx_errors 0 | rate-match n/a ppm
reac-pacer: ring depth 222 frames (55.50 ms) [interval min 186 (46.50 ms) max 227 (56.75 ms)] | guard trims=5 dropped=1287 frames | tx_errors=0 late_wakes=956 catchup=0 dropped_slots=1494
reac-health: drift +138.5 ppm | discard 0.000 frames/s (0.000 ms/s) | ring 214 frames (53.50 ms) | late 0.39/s (catchup 0.00/s, dropped 0.49/s, worst debt 2 slots) | tx_errors 0 | rate-match n/a ppm
reac-pacer: ring depth 217 frames (54.25 ms) [interval min 191 (47.75 ms) max 232 (58.00 ms)] | guard trims=5 dropped=1287 frames | tx_errors=0 late_wakes=960 catchup=0 dropped_slots=1499
reac-health: drift +100.1 ppm | discard 0.000 frames/s (0.000 ms/s) | ring 218 frames (54.50 ms) | late 0.30/s (catchup 0.00/s, dropped 0.30/s, worst debt 1 slots) | tx_errors 0 | rate-match n/a ppm
reac-pacer: ring depth 235 frames (58.75 ms) [interval min 197 (49.25 ms) max 238 (59.50 ms)] | guard trims=5 dropped=1287 frames | tx_errors=0 late_wakes=965 catchup=0 dropped_slots=1505
reac-health: drift +219.5 ppm | discard 0.000 frames/s (0.000 ms/s) | ring 238 frames (59.50 ms) | late 0.59/s (catchup 0.00/s, dropped 0.69/s, worst debt 2 slots) | tx_errors 0 | rate-match n/a ppm
reac-pacer: ring depth 227 frames (56.75 ms) [interval min 208 (52.00 ms) max 242 (60.50 ms)] | guard trims=5 dropped=1287 frames | tx_errors=0 late_wakes=967 catchup=0 dropped_slots=1507
reac-health: drift +200.2 ppm | discard 0.000 frames/s (0.000 ms/s) | ring 246 frames (61.50 ms) | late 0.60/s (catchup 0.00/s, dropped 0.70/s, worst debt 2 slots) | tx_errors 0 | rate-match n/a ppm
reac-pacer: ring depth 236 frames (59.00 ms) [interval min 214 (53.50 ms) max 250 (62.50 ms)] | guard trims=5 dropped=1287 frames | tx_errors=0 late_wakes=974 catchup=0 dropped_slots=1515
reac-health: drift +137.5 ppm | discard 0.000 frames/s (0.000 ms/s) | ring 251 frames (62.75 ms) | late 0.40/s (catchup 0.00/s, dropped 0.40/s, worst debt 1 slots) | tx_errors 0 | rate-match n/a ppm
reac-pacer: ring depth 242 frames (60.50 ms) [interval min 219 (54.75 ms) max 256 (64.00 ms)] | guard trims=5 dropped=1287 frames | tx_errors=0 late_wakes=979 catchup=0 dropped_slots=1520
reac-health: drift +100.2 ppm | discard 0.000 frames/s (0.000 ms/s) | ring 255 frames (63.75 ms) | late 0.40/s (catchup 0.00/s, dropped 0.40/s, worst debt 1 slots) | tx_errors 0 | rate-match n/a ppm
reac-pacer: ring depth 245 frames (61.25 ms) [interval min 222 (55.50 ms) max 261 (65.25 ms)] | guard trims=5 dropped=1287 frames | tx_errors=0 late_wakes=982 catchup=0 dropped_slots=1523
reac-health: drift +130.1 ppm | discard 0.000 frames/s (0.000 ms/s) | ring 239 frames (59.75 ms) | late 0.30/s (catchup 0.00/s, dropped 0.40/s, worst debt 2 slots) | tx_errors 0 | rate-match n/a ppm
reac-pacer: ring depth 245 frames (61.25 ms) [interval min 229 (57.25 ms) max 269 (67.25 ms)] | guard trims=5 dropped=1287 frames | tx_errors=0 late_wakes=987 catchup=0 dropped_slots=1530
reac-health: drift +153.9 ppm | discard 0.000 frames/s (0.000 ms/s) | ring 256 frames (64.00 ms) | late 0.39/s (catchup 0.00/s, dropped 0.49/s, worst debt 2 slots) | tx_errors 0 | rate-match n/a ppm
reac-pacer: ring depth 256 frames (64.00 ms) [interval min 229 (57.25 ms) max 270 (67.50 ms)] | guard trims=5 dropped=1287 frames | tx_errors=0 late_wakes=988 catchup=0 dropped_slots=1531
reac-health: drift +100.0 ppm | discard 0.000 frames/s (0.000 ms/s) | ring 260 frames (65.00 ms) | late 0.20/s (catchup 0.00/s, dropped 0.20/s, worst debt 1 slots) | tx_errors 0 | rate-match n/a ppm
reac-pacer: ring depth 262 frames (65.50 ms) [interval min 237 (59.25 ms) max 275 (68.75 ms)] | guard trims=5 dropped=1287 frames | tx_errors=0 late_wakes=992 catchup=0 dropped_slots=1535
reac-health: drift +150.1 ppm | discard 0.000 frames/s (0.000 ms/s) | ring 266 frames (66.50 ms) | late 0.50/s (catchup 0.00/s, dropped 0.50/s, worst debt 1 slots) | tx_errors 0 | rate-match n/a ppm
reac-pacer: ring depth 280 frames (70.00 ms) [interval min 245 (61.25 ms) max 282 (70.50 ms)] | guard trims=5 dropped=1287 frames | tx_errors=0 late_wakes=997 catchup=0 dropped_slots=1540
reac-health: drift +825.5 ppm | discard 0.000 frames/s (0.000 ms/s) | ring 299 frames (74.75 ms) | late 1.80/s (catchup 0.00/s, dropped 2.50/s, worst debt 3 slots) | tx_errors 0 | rate-match n/a ppm
reac-pacer: ring depth 313 frames (78.25 ms) [interval min 245 (61.25 ms) max 315 (78.75 ms)] | guard trims=5 dropped=1287 frames | tx_errors=0 late_wakes=1016 catchup=0 dropped_slots=1566
reac-health: drift +151.2 ppm | discard 0.000 frames/s (0.000 ms/s) | ring 305 frames (76.25 ms) | late 0.40/s (catchup 0.00/s, dropped 0.50/s, worst debt 2 slots) | tx_errors 0 | rate-match n/a ppm
reac-pacer: ring depth 320 frames (80.00 ms) [interval min 285 (71.25 ms) max 332 (83.00 ms)] | guard trims=5 dropped=1287 frames | tx_errors=0 late_wakes=1026 catchup=0 dropped_slots=1579
reac-health: drift +807.5 ppm | discard 0.000 frames/s (0.000 ms/s) | ring 337 frames (84.25 ms) | late 2.10/s (catchup 0.00/s, dropped 2.30/s, worst debt 2 slots) | tx_errors 0 | rate-match n/a ppm
reac-pacer: ring depth 347 frames (86.75 ms) [interval min 298 (74.50 ms) max 358 (89.50 ms)] | guard trims=5 dropped=1287 frames | tx_errors=0 late_wakes=1045 catchup=0 dropped_slots=1599
reac-health: drift +1339.6 ppm | discard 0.000 frames/s (0.000 ms/s) | ring 382 frames (95.50 ms) | late 3.04/s (catchup 0.00/s, dropped 4.31/s, worst debt 3 slots) | tx_errors 0 | rate-match n/a ppm
reac-pacer: ring depth 414 frames (103.50 ms) [interval min 327 (81.75 ms) max 426 (106.50 ms)] | guard trims=5 dropped=1287 frames | tx_errors=0 late_wakes=1083 catchup=0 dropped_slots=1653
reac-health: drift +1452.7 ppm | discard 0.000 frames/s (0.000 ms/s) | ring 440 frames (110.00 ms) | late 3.20/s (catchup 0.00/s, dropped 4.30/s, worst debt 2 slots) | tx_errors 0 | rate-match n/a ppm
reac-pacer: ring depth 460 frames (115.00 ms) [interval min 396 (99.00 ms) max 481 (120.25 ms)] | guard trims=5 dropped=1287 frames | tx_errors=0 late_wakes=1112 catchup=0 dropped_slots=1692
reac-health: drift +1112.5 ppm | discard 0.000 frames/s (0.000 ms/s) | ring 495 frames (123.75 ms) | late 2.65/s (catchup 0.00/s, dropped 3.24/s, worst debt 2 slots) | tx_errors 0 | rate-match n/a ppm
reac-pacer: ring depth 247 frames (61.75 ms) [interval min 232 (58.00 ms) max 513 (128.25 ms)] | guard trims=6 dropped=1544 frames | tx_errors=0 late_wakes=1132 catchup=0 dropped_slots=1717
reac-health: drift +747.8 ppm | discard 25.196 frames/s (6.299 ms/s) | ring 259 frames (64.75 ms) | late 1.67/s (catchup 0.00/s, dropped 2.25/s, worst debt 3 slots) | tx_errors 0 | rate-match n/a ppm
reac-pacer: ring depth 262 frames (65.50 ms) [interval min 229 (57.25 ms) max 279 (69.75 ms)] | guard trims=6 dropped=1544 frames | tx_errors=0 late_wakes=1147 catchup=0 dropped_slots=1736
reac-health: drift +2250.2 ppm | discard 0.000 frames/s (0.000 ms/s) | ring 349 frames (87.25 ms) | late 4.80/s (catchup 0.00/s, dropped 6.90/s, worst debt 3 slots) | tx_errors 0 | rate-match n/a ppm
reac-pacer: ring depth 362 frames (90.50 ms) [interval min 258 (64.50 ms) max 383 (95.75 ms)] | guard trims=6 dropped=1544 frames | tx_errors=0 late_wakes=1200 catchup=0 dropped_slots=1813
reac-master: shutdown in ESTABLISHED — tx=2312293 err=0 late=1200 | rx_box_frames=2310914 rx_box_ctrl=582 rx_joins=3 grant_attempts=1 | drops: peer-gone=0 bye=0 mac-change=0 grant-timeout=0 | log-drops=0
