reac-pw: recovered REAC rate = 48000 Hz (4000 pps), rx stream = box upstream return (box-width)
reac-pw: MASTER role (M-200 profile) on 'enp128s20f0u6' — event-driven establishment: probing until the box's cold-connect (cdea 04 03) arrives; FSM/RX transcript on stderr
reac-pw: MASTER autodetect — reac-capture / reac-playback appear sized to the box once it is recognized on the wire
reac-master: [43326.398406] IDLE -> PROBING (timer)
reac-pacer: ring depth 0 frames (0.00 ms) [interval min 0 (0.00 ms) max 0 (0.00 ms)] | guard trims=0 dropped=0 frames | tx_errors=0 late_wakes=0 catchup=0 dropped_slots=0
reac-disco: [43327.096908] box 00:40:ab:c4:dc:9c model=s0808
reac-master: [43327.096911] recognized box = S-0808 (8 in / 8 out) from 00:40:ab:c4:dc:9c
reac-master: [43327.096912] box presence GAINED (CONFIG from 00:40:ab:c4:dc:9c)
reac-master: [43327.096912] rx CONFIG from 00:40:ab:c4:dc:9c (state GRANTING)
reac-master: [43327.096912] PROBING -> GRANTING (rx CONFIG)
reac-master: [43327.097150] rx UNICAST from 00:40:ab:c4:dc:9c (state GRANTING)
reac-pw: autodetected S-0808 (8 in / 8 out) -> reac-capture 8 in / reac-playback 8 out
reac-master: [43327.247899] box presence LOST (600 frames silent)
reac-master: [43327.300401] box presence GAINED (UNICAST from 00:40:ab:c4:dc:9c)
reac-master: [43327.848900] box JOIN seen (cdea 04 03, unicast from 00:40:ab:c4:dc:9c) -> GRANTING
  blk: 04030014000200fe 0ff0410a00001212 01000600010078f7 0000000000000000 
reac-master: [43327.849150] box JOIN seen (cdea 04 03, unicast from 00:40:ab:c4:dc:9c) -> GRANTING
  blk: 04030013000200fe 0ef0410a00001212 03020001007af700 0000000000000002 
reac-master: [43327.849400] rx HEARTBEAT from 00:40:ab:c4:dc:9c (state GRANTING)
reac-master: [43328.722900] box JOIN seen (cdea 04 03, unicast from 00:40:ab:c4:dc:9c) -> GRANTING
  blk: 04030013000200fe 0ef0410a00001212 050010110852f700 0000000000000002 
reac-master: [43328.792901] GRANTING -> ESTABLISHED (timer)
reac-master: [43328.793149] rx UNICAST from 00:40:ab:c4:dc:9c (state ESTABLISHED, 946.0 ms after last chanmap)
reac-disco: [43329.097150] box 00:40:ab:c4:dc:9c model=s0808 (ours)
reac-master: [43329.544400] rx HEARTBEAT from 00:40:ab:c4:dc:9c (state ESTABLISHED)
reac-pacer: ring depth 33 frames (8.25 ms) [interval min 0 (0.00 ms) max 40 (10.00 ms)] | guard trims=0 dropped=0 frames | tx_errors=0 late_wakes=2 catchup=2 dropped_slots=0
reac-health: drift -0.6 ppm | discard 0.000 frames/s (0.000 ms/s) | ring 33 frames (8.25 ms) | late 0.20/s (catchup 0.20/s, dropped 0.00/s) | tx_errors 0 | rate-match 3095.2 ppm
reac-pacer: ring depth 22 frames (5.50 ms) [interval min 5 (1.25 ms) max 39 (9.75 ms)] | guard trims=0 dropped=0 frames | tx_errors=0 late_wakes=12 catchup=12 dropped_slots=0
reac-health: drift +0.4 ppm | discard 0.000 frames/s (0.000 ms/s) | ring 33 frames (8.25 ms) | late 0.80/s (catchup 0.80/s, dropped 0.00/s) | tx_errors 0 | rate-match 3095.2 ppm
reac-pacer: ring depth 37 frames (9.25 ms) [interval min 0 (0.00 ms) max 40 (10.00 ms)] | guard trims=0 dropped=0 frames | tx_errors=0 late_wakes=54 catchup=54 dropped_slots=0
reac-health: drift +3.2 ppm | discard 0.000 frames/s (0.000 ms/s) | ring 39 frames (9.75 ms) | late 4.61/s (catchup 4.61/s, dropped 0.00/s) | tx_errors 0 | rate-match 2738.1 ppm
reac-pacer: ring depth 35 frames (8.75 ms) [interval min 4 (1.00 ms) max 42 (10.50 ms)] | guard trims=0 dropped=0 frames | tx_errors=0 late_wakes=86 catchup=86 dropped_slots=0
reac-health: drift -3.4 ppm | discard 0.000 frames/s (0.000 ms/s) | ring 35 frames (8.75 ms) | late 2.65/s (catchup 2.65/s, dropped 0.00/s) | tx_errors 0 | rate-match 3095.2 ppm
reac-pacer: ring depth 14 frames (3.50 ms) [interval min 3 (0.75 ms) max 41 (10.25 ms)] | guard trims=0 dropped=0 frames | tx_errors=0 late_wakes=114 catchup=114 dropped_slots=0
reac-health: drift +0.6 ppm | discard 0.000 frames/s (0.000 ms/s) | ring 35 frames (8.75 ms) | late 3.00/s (catchup 3.00/s, dropped 0.00/s) | tx_errors 0 | rate-match 3214.3 ppm
reac-pacer: ring depth 14 frames (3.50 ms) [interval min 0 (0.00 ms) max 40 (10.00 ms)] | guard trims=0 dropped=0 frames | tx_errors=0 late_wakes=175 catchup=174 dropped_slots=6
reac-health: drift +163.3 ppm | discard 0.000 frames/s (0.000 ms/s) | ring 13 frames (3.25 ms) | late 5.90/s (catchup 5.80/s, dropped 0.60/s) | tx_errors 0 | rate-match 3452.4 ppm
reac-pacer: ring depth 19 frames (4.75 ms) [interval min 0 (0.00 ms) max 42 (10.50 ms)] | guard trims=0 dropped=0 frames | tx_errors=0 late_wakes=207 catchup=206 dropped_slots=6
reac-health: drift +11.0 ppm | discard 0.000 frames/s (0.000 ms/s) | ring 30 frames (7.50 ms) | late 3.43/s (catchup 3.43/s, dropped 0.00/s) | tx_errors 0 | rate-match 2976.2 ppm
reac-pacer: ring depth 29 frames (7.25 ms) [interval min 4 (1.00 ms) max 41 (10.25 ms)] | guard trims=0 dropped=0 frames | tx_errors=0 late_wakes=250 catchup=249 dropped_slots=6
reac-health: drift -2.8 ppm | discard 0.000 frames/s (0.000 ms/s) | ring 38 frames (9.50 ms) | late 4.12/s (catchup 4.12/s, dropped 0.00/s) | tx_errors 0 | rate-match 3095.2 ppm
reac-pacer: ring depth 19 frames (4.75 ms) [interval min 5 (1.25 ms) max 42 (10.50 ms)] | guard trims=0 dropped=0 frames | tx_errors=0 late_wakes=261 catchup=260 dropped_slots=6
reac-health: drift -9.8 ppm | discard 0.000 frames/s (0.000 ms/s) | ring 28 frames (7.00 ms) | late 0.88/s (catchup 0.88/s, dropped 0.00/s) | tx_errors 0 | rate-match 2857.1 ppm
reac-pacer: ring depth 19 frames (4.75 ms) [interval min 3 (0.75 ms) max 41 (10.25 ms)] | guard trims=0 dropped=0 frames | tx_errors=0 late_wakes=261 catchup=260 dropped_slots=6
reac-health: drift +12.6 ppm | discard 0.000 frames/s (0.000 ms/s) | ring 19 frames (4.75 ms) | late 0.00/s (catchup 0.00/s, dropped 0.00/s) | tx_errors 0 | rate-match 3571.4 ppm
reac-pacer: ring depth 30 frames (7.50 ms) [interval min 9 (2.25 ms) max 40 (10.00 ms)] | guard trims=0 dropped=0 frames | tx_errors=0 late_wakes=268 catchup=267 dropped_slots=6
reac-health: drift +0.6 ppm | discard 0.000 frames/s (0.000 ms/s) | ring 19 frames (4.75 ms) | late 0.80/s (catchup 0.80/s, dropped 0.00/s) | tx_errors 0 | rate-match 3214.3 ppm
reac-pacer: ring depth 12 frames (3.00 ms) [interval min 0 (0.00 ms) max 41 (10.25 ms)] | guard trims=0 dropped=0 frames | tx_errors=0 late_wakes=304 catchup=303 dropped_slots=6
reac-health: drift +150.9 ppm | discard 0.000 frames/s (0.000 ms/s) | ring 23 frames (5.75 ms) | late 5.90/s (catchup 5.80/s, dropped 0.60/s) | tx_errors 0 | rate-match 2500.0 ppm
reac-pacer: ring depth 17 frames (4.25 ms) [interval min 0 (0.00 ms) max 54 (13.50 ms)] | guard trims=0 dropped=0 frames | tx_errors=0 late_wakes=359 catchup=355 dropped_slots=22
reac-health: drift +281.2 ppm | discard 0.000 frames/s (0.000 ms/s) | ring 17 frames (4.25 ms) | late 3.04/s (catchup 2.84/s, dropped 0.98/s) | tx_errors 0 | rate-match 3214.3 ppm
reac-pacer: ring depth 15 frames (3.75 ms) [interval min 0 (0.00 ms) max 44 (11.00 ms)] | guard trims=0 dropped=0 frames | tx_errors=0 late_wakes=383 catchup=379 dropped_slots=22
reac-health: drift -12.2 ppm | discard 0.000 frames/s (0.000 ms/s) | ring 15 frames (3.75 ms) | late 2.55/s (catchup 2.55/s, dropped 0.00/s) | tx_errors 0 | rate-match 3571.4 ppm
reac-pacer: ring depth 26 frames (6.50 ms) [interval min 0 (0.00 ms) max 40 (10.00 ms)] | guard trims=0 dropped=0 frames | tx_errors=0 late_wakes=407 catchup=402 dropped_slots=29
reac-health: drift +195.3 ppm | discard 0.000 frames/s (0.000 ms/s) | ring 28 frames (7.00 ms) | late 2.16/s (catchup 2.06/s, dropped 0.69/s) | tx_errors 0 | rate-match 3452.4 ppm
reac-pacer: ring depth 18 frames (4.50 ms) [interval min 1 (0.25 ms) max 38 (9.50 ms)] | guard trims=0 dropped=0 frames | tx_errors=0 late_wakes=416 catchup=411 dropped_slots=29
reac-health: drift -0.8 ppm | discard 0.000 frames/s (0.000 ms/s) | ring 18 frames (4.50 ms) | late 0.88/s (catchup 0.88/s, dropped 0.00/s) | tx_errors 0 | rate-match 3452.4 ppm
reac-pacer: ring depth 20 frames (5.00 ms) [interval min 0 (0.00 ms) max 40 (10.00 ms)] | guard trims=0 dropped=0 frames | tx_errors=0 late_wakes=428 catchup=423 dropped_slots=29
reac-health: drift +0.5 ppm | discard 0.000 frames/s (0.000 ms/s) | ring 20 frames (5.00 ms) | late 1.20/s (catchup 1.20/s, dropped 0.00/s) | tx_errors 0 | rate-match 3333.3 ppm
reac-pacer: ring depth 29 frames (7.25 ms) [interval min 3 (0.75 ms) max 39 (9.75 ms)] | guard trims=0 dropped=0 frames | tx_errors=0 late_wakes=433 catchup=428 dropped_slots=29
reac-health: drift -6.1 ppm | discard 0.000 frames/s (0.000 ms/s) | ring 19 frames (4.75 ms) | late 0.60/s (catchup 0.60/s, dropped 0.00/s) | tx_errors 0 | rate-match 3333.3 ppm
reac-pacer: ring depth 25 frames (6.25 ms) [interval min 7 (1.75 ms) max 44 (11.00 ms)] | guard trims=0 dropped=0 frames | tx_errors=0 late_wakes=449 catchup=443 dropped_slots=34
reac-health: drift +118.4 ppm | discard 0.000 frames/s (0.000 ms/s) | ring 34 frames (8.50 ms) | late 1.47/s (catchup 1.37/s, dropped 0.49/s) | tx_errors 0 | rate-match 2381.0 ppm
reac-pacer: ring depth 33 frames (8.25 ms) [interval min 3 (0.75 ms) max 43 (10.75 ms)] | guard trims=0 dropped=0 frames | tx_errors=0 late_wakes=456 catchup=450 dropped_slots=34
reac-health: drift +10.2 ppm | discard 0.000 frames/s (0.000 ms/s) | ring 25 frames (6.25 ms) | late 0.69/s (catchup 0.69/s, dropped 0.00/s) | tx_errors 0 | rate-match 2857.1 ppm
reac-pacer: ring depth 25 frames (6.25 ms) [interval min 13 (3.25 ms) max 44 (11.00 ms)] | guard trims=0 dropped=0 frames | tx_errors=0 late_wakes=463 catchup=457 dropped_slots=34
reac-health: drift +1.4 ppm | discard 0.000 frames/s (0.000 ms/s) | ring 25 frames (6.25 ms) | late 0.70/s (catchup 0.70/s, dropped 0.00/s) | tx_errors 0 | rate-match 2500.0 ppm
reac-pacer: ring depth 40 frames (10.00 ms) [interval min 5 (1.25 ms) max 49 (12.25 ms)] | guard trims=0 dropped=0 frames | tx_errors=0 late_wakes=472 catchup=465 dropped_slots=39
reac-health: drift +121.8 ppm | discard 0.000 frames/s (0.000 ms/s) | ring 40 frames (10.00 ms) | late 1.08/s (catchup 0.98/s, dropped 0.49/s) | tx_errors 0 | rate-match 2023.8 ppm
reac-pacer: ring depth 31 frames (7.75 ms) [interval min 12 (3.00 ms) max 49 (12.25 ms)] | guard trims=0 dropped=0 frames | tx_errors=0 late_wakes=482 catchup=475 dropped_slots=39
reac-health: drift +14.6 ppm | discard 0.000 frames/s (0.000 ms/s) | ring 40 frames (10.00 ms) | late 0.80/s (catchup 0.80/s, dropped 0.00/s) | tx_errors 0 | rate-match 2142.9 ppm
reac-pacer: ring depth 47 frames (11.75 ms) [interval min 7 (1.75 ms) max 64 (16.00 ms)] | guard trims=0 dropped=0 frames | tx_errors=0 late_wakes=493 catchup=484 dropped_slots=55
reac-health: drift +401.6 ppm | discard 0.000 frames/s (0.000 ms/s) | ring 47 frames (11.75 ms) | late 1.27/s (catchup 1.08/s, dropped 1.57/s) | tx_errors 0 | rate-match 357.1 ppm
reac-pacer: ring depth 57 frames (14.25 ms) [interval min 23 (5.75 ms) max 65 (16.25 ms)] | guard trims=0 dropped=0 frames | tx_errors=0 late_wakes=499 catchup=490 dropped_slots=55
reac-health: drift +0.3 ppm | discard 0.000 frames/s (0.000 ms/s) | ring 47 frames (11.75 ms) | late 0.40/s (catchup 0.40/s, dropped 0.00/s) | tx_errors 0 | rate-match 238.1 ppm
reac-pacer: ring depth 46 frames (11.50 ms) [interval min 29 (7.25 ms) max 64 (16.00 ms)] | guard trims=0 dropped=0 frames | tx_errors=0 late_wakes=508 catchup=499 dropped_slots=55
reac-health: drift -14.7 ppm | discard 0.000 frames/s (0.000 ms/s) | ring 46 frames (11.50 ms) | late 0.90/s (catchup 0.90/s, dropped 0.00/s) | tx_errors 0 | rate-match 357.1 ppm
reac-pacer: ring depth 57 frames (14.25 ms) [interval min 23 (5.75 ms) max 63 (15.75 ms)] | guard trims=0 dropped=0 frames | tx_errors=0 late_wakes=526 catchup=517 dropped_slots=55
reac-health: drift +14.8 ppm | discard 0.000 frames/s (0.000 ms/s) | ring 57 frames (14.25 ms) | late 1.76/s (catchup 1.76/s, dropped 0.00/s) | tx_errors 0 | rate-match 714.3 ppm
reac-pacer: ring depth 35 frames (8.75 ms) [interval min 23 (5.75 ms) max 63 (15.75 ms)] | guard trims=0 dropped=0 frames | tx_errors=0 late_wakes=555 catchup=546 dropped_slots=55
reac-health: drift -8.8 ppm | discard 0.000 frames/s (0.000 ms/s) | ring 35 frames (8.75 ms) | late 2.90/s (catchup 2.90/s, dropped 0.00/s) | tx_errors 0 | rate-match 595.2 ppm
reac-pacer: ring depth 47 frames (11.75 ms) [interval min 23 (5.75 ms) max 63 (15.75 ms)] | guard trims=0 dropped=0 frames | tx_errors=0 late_wakes=586 catchup=577 dropped_slots=55
reac-health: drift +9.9 ppm | discard 0.000 frames/s (0.000 ms/s) | ring 47 frames (11.75 ms) | late 3.04/s (catchup 3.04/s, dropped 0.00/s) | tx_errors 0 | rate-match 595.2 ppm
reac-pacer: ring depth 55 frames (13.75 ms) [interval min 24 (6.00 ms) max 70 (17.50 ms)] | guard trims=0 dropped=0 frames | tx_errors=0 late_wakes=625 catchup=615 dropped_slots=62
reac-health: drift +201.5 ppm | discard 0.000 frames/s (0.000 ms/s) | ring 55 frames (13.75 ms) | late 3.90/s (catchup 3.80/s, dropped 0.70/s) | tx_errors 0 | rate-match -238.1 ppm
reac-pacer: ring depth 72 frames (18.00 ms) [interval min 33 (8.25 ms) max 77 (19.25 ms)] | guard trims=0 dropped=0 frames | tx_errors=0 late_wakes=661 catchup=650 dropped_slots=69
reac-health: drift +169.6 ppm | discard 0.000 frames/s (0.000 ms/s) | ring 72 frames (18.00 ms) | late 3.53/s (catchup 3.43/s, dropped 0.69/s) | tx_errors 0 | rate-match -1547.6 ppm
reac-pacer: ring depth 72 frames (18.00 ms) [interval min 40 (10.00 ms) max 79 (19.75 ms)] | guard trims=0 dropped=0 frames | tx_errors=0 late_wakes=739 catchup=728 dropped_slots=69
reac-health: drift +15.6 ppm | discard 0.000 frames/s (0.000 ms/s) | ring 72 frames (18.00 ms) | late 7.80/s (catchup 7.80/s, dropped 0.00/s) | tx_errors 0 | rate-match -1071.4 ppm
reac-pacer: ring depth 40 frames (10.00 ms) [interval min 26 (6.50 ms) max 77 (19.25 ms)] | guard trims=0 dropped=0 frames | tx_errors=0 late_wakes=791 catchup=780 dropped_slots=69
reac-health: drift -15.4 ppm | discard 0.000 frames/s (0.000 ms/s) | ring 40 frames (10.00 ms) | late 5.10/s (catchup 5.10/s, dropped 0.00/s) | tx_errors 0 | rate-match 1071.4 ppm
reac-pacer: ring depth 40 frames (10.00 ms) [interval min 17 (4.25 ms) max 55 (13.75 ms)] | guard trims=0 dropped=0 frames | tx_errors=0 late_wakes=810 catchup=799 dropped_slots=69
reac-health: drift +1.5 ppm | discard 0.000 frames/s (0.000 ms/s) | ring 40 frames (10.00 ms) | late 1.90/s (catchup 1.90/s, dropped 0.00/s) | tx_errors 0 | rate-match 1071.4 ppm
reac-pacer: ring depth 50 frames (12.50 ms) [interval min 16 (4.00 ms) max 54 (13.50 ms)] | guard trims=0 dropped=0 frames | tx_errors=0 late_wakes=817 catchup=806 dropped_slots=69
reac-health: drift -3.6 ppm | discard 0.000 frames/s (0.000 ms/s) | ring 50 frames (12.50 ms) | late 0.69/s (catchup 0.69/s, dropped 0.00/s) | tx_errors 0 | rate-match 1309.5 ppm
reac-pacer: ring depth 9 frames (2.25 ms) [interval min 0 (0.00 ms) max 55 (13.75 ms)] | guard trims=0 dropped=0 frames | tx_errors=0 late_wakes=832 catchup=821 dropped_slots=69
reac-health: drift +1.9 ppm | discard 0.000 frames/s (0.000 ms/s) | ring 9 frames (2.25 ms) | late 1.47/s (catchup 1.47/s, dropped 0.00/s) | tx_errors 0 | rate-match 4166.7 ppm
reac-master: shutdown in ESTABLISHED — tx=1493065 err=0 late=906 | rx_box_frames=1489568 rx_box_ctrl=378 rx_joins=3 grant_attempts=1 | drops: peer-gone=0 bye=0 mac-change=0 grant-timeout=0 | log-drops=0
