reac-pw: REAC rate = 48000 Hz (4000 pps) from --rate on the command line
reac-pw: recovered REAC rate = 48000 Hz (4000 pps), rx stream = box upstream return (box-width)
reac-pw: MASTER role (M-200 profile) on 'enp128s20f0u6' — event-driven establishment: probing until the box's cold-connect (cdea 04 03) arrives; FSM/RX transcript on stderr
reac-pw: MASTER autodetect — reac-capture / reac-playback appear sized to the box once it is recognized on the wire
reac-disco: [47744.368013] box 00:40:ab:c4:80:41 model=unknown
reac-master: [47744.368018] IDLE -> PROBING (timer)
reac-pacer: ring depth 0 frames (0.00 ms) [interval min 0 (0.00 ms) max 0 (0.00 ms)] | guard trims=0 dropped=0 frames | tx_errors=0 late_wakes=10 catchup=10 dropped_slots=0
reac-disco: [47745.065695] box 00:40:ab:c4:dc:9c model=s0808
reac-master: [47745.065699] recognized box = S-0808 (8 in / 8 out) from 00:40:ab:c4:dc:9c
reac-master: [47745.065700] box presence GAINED (CONFIG from 00:40:ab:c4:dc:9c)
reac-master: [47745.065700] rx CONFIG from 00:40:ab:c4:dc:9c (state GRANTING)
reac-master: [47745.065700] PROBING -> GRANTING (rx CONFIG)
reac-master: [47745.065942] rx UNICAST from 00:40:ab:c4:dc:9c (state GRANTING)
reac-pw: autodetected S-0808 (8 in / 8 out) -> reac-capture 8 in / reac-playback 8 out
reac-master: [47745.216442] box presence LOST (600 frames silent)
reac-master: [47745.268944] box presence GAINED (UNICAST from 00:40:ab:c4:dc:9c)
reac-master: [47745.817692] box JOIN seen (cdea 04 03, unicast from 00:40:ab:c4:dc:9c) -> GRANTING
  blk: 04030014000200fe 0ff0410a00001212 01000600010078f7 0000000000000000 
reac-master: [47745.817942] box JOIN seen (cdea 04 03, unicast from 00:40:ab:c4:dc:9c) -> GRANTING
  blk: 04030013000200fe 0ef0410a00001212 03020001007af700 0000000000000002 
reac-master: [47745.818191] rx HEARTBEAT from 00:40:ab:c4:dc:9c (state GRANTING)
reac-master: [47746.691945] box JOIN seen (cdea 04 03, unicast from 00:40:ab:c4:dc:9c) -> GRANTING
  blk: 04030013000200fe 0ef0410a00001212 050010110852f700 0000000000000002 
reac-master: [47746.761696] GRANTING -> ESTABLISHED (timer)
reac-master: [47746.761942] rx UNICAST from 00:40:ab:c4:dc:9c (state ESTABLISHED, 946.0 ms after last chanmap)
reac-disco: [47747.066192] box 00:40:ab:c4:dc:9c model=s0808 (ours)
reac-master: [47747.513442] rx HEARTBEAT from 00:40:ab:c4:dc:9c (state ESTABLISHED)
reac-disco: [47749.565246] 1 device(s) went silent > 5 s — withdrawn
reac-pacer: ring depth 13 frames (3.25 ms) [interval min 0 (0.00 ms) max 38 (9.50 ms)] | guard trims=0 dropped=0 frames | tx_errors=0 late_wakes=58 catchup=58 dropped_slots=0
reac-health: drift -14.3 ppm | discard 0.000 frames/s (0.000 ms/s) | ring 14 frames (3.50 ms) | late 5.49/s (catchup 5.49/s, dropped 0.00/s, worst debt 3 slots) | tx_errors 0 | rate-match 3095.2 ppm
reac-pacer: ring depth 25 frames (6.25 ms) [interval min 1 (0.25 ms) max 38 (9.50 ms)] | guard trims=0 dropped=0 frames | tx_errors=0 late_wakes=88 catchup=88 dropped_slots=0
reac-health: drift +0.1 ppm | discard 0.000 frames/s (0.000 ms/s) | ring 14 frames (3.50 ms) | late 2.50/s (catchup 2.50/s, dropped 0.00/s, worst debt 2 slots) | tx_errors 0 | rate-match 3214.3 ppm
reac-pacer: ring depth 14 frames (3.50 ms) [interval min 3 (0.75 ms) max 38 (9.50 ms)] | guard trims=0 dropped=0 frames | tx_errors=0 late_wakes=107 catchup=107 dropped_slots=0
reac-health: drift +2.4 ppm | discard 0.000 frames/s (0.000 ms/s) | ring 14 frames (3.50 ms) | late 1.70/s (catchup 1.70/s, dropped 0.00/s, worst debt 2 slots) | tx_errors 0 | rate-match 3214.3 ppm
reac-pacer: ring depth 25 frames (6.25 ms) [interval min 4 (1.00 ms) max 39 (9.75 ms)] | guard trims=0 dropped=0 frames | tx_errors=0 late_wakes=121 catchup=121 dropped_slots=0
reac-health: drift -1.0 ppm | discard 0.000 frames/s (0.000 ms/s) | ring 25 frames (6.25 ms) | late 1.27/s (catchup 1.27/s, dropped 0.00/s, worst debt 2 slots) | tx_errors 0 | rate-match 3214.3 ppm
reac-pacer: ring depth 25 frames (6.25 ms) [interval min 5 (1.25 ms) max 38 (9.50 ms)] | guard trims=0 dropped=0 frames | tx_errors=0 late_wakes=140 catchup=140 dropped_slots=0
reac-health: drift -1.0 ppm | discard 0.000 frames/s (0.000 ms/s) | ring 36 frames (9.00 ms) | late 1.86/s (catchup 1.86/s, dropped 0.00/s, worst debt 2 slots) | tx_errors 0 | rate-match 3095.2 ppm
reac-pacer: ring depth 27 frames (6.75 ms) [interval min 0 (0.00 ms) max 38 (9.50 ms)] | guard trims=0 dropped=0 frames | tx_errors=0 late_wakes=163 catchup=163 dropped_slots=0
reac-health: drift +1.9 ppm | discard 0.000 frames/s (0.000 ms/s) | ring 16 frames (4.00 ms) | late 2.30/s (catchup 2.30/s, dropped 0.00/s, worst debt 2 slots) | tx_errors 0 | rate-match 3214.3 ppm
reac-pacer: ring depth 27 frames (6.75 ms) [interval min 5 (1.25 ms) max 39 (9.75 ms)] | guard trims=0 dropped=0 frames | tx_errors=0 late_wakes=277 catchup=277 dropped_slots=0
reac-health: drift +8.2 ppm | discard 0.000 frames/s (0.000 ms/s) | ring 27 frames (6.75 ms) | late 11.18/s (catchup 11.18/s, dropped 0.00/s, worst debt 3 slots) | tx_errors 0 | rate-match 2976.2 ppm
reac-pacer: ring depth 27 frames (6.75 ms) [interval min 5 (1.25 ms) max 39 (9.75 ms)] | guard trims=0 dropped=0 frames | tx_errors=0 late_wakes=281 catchup=281 dropped_slots=0
reac-health: drift -10.1 ppm | discard 0.000 frames/s (0.000 ms/s) | ring 16 frames (4.00 ms) | late 0.39/s (catchup 0.39/s, dropped 0.00/s, worst debt 1 slots) | tx_errors 0 | rate-match 3214.3 ppm
reac-pacer: ring depth 26 frames (6.50 ms) [interval min 3 (0.75 ms) max 39 (9.75 ms)] | guard trims=0 dropped=0 frames | tx_errors=0 late_wakes=298 catchup=298 dropped_slots=0
reac-health: drift -0.3 ppm | discard 0.000 frames/s (0.000 ms/s) | ring 27 frames (6.75 ms) | late 1.76/s (catchup 1.76/s, dropped 0.00/s, worst debt 3 slots) | tx_errors 0 | rate-match 3333.3 ppm
reac-pacer: ring depth 16 frames (4.00 ms) [interval min 3 (0.75 ms) max 38 (9.50 ms)] | guard trims=0 dropped=0 frames | tx_errors=0 late_wakes=302 catchup=302 dropped_slots=0
reac-health: drift +0.5 ppm | discard 0.000 frames/s (0.000 ms/s) | ring 27 frames (6.75 ms) | late 0.60/s (catchup 0.60/s, dropped 0.00/s, worst debt 1 slots) | tx_errors 0 | rate-match 3214.3 ppm
reac-pacer: ring depth 27 frames (6.75 ms) [interval min 3 (0.75 ms) max 38 (9.50 ms)] | guard trims=0 dropped=0 frames | tx_errors=0 late_wakes=321 catchup=321 dropped_slots=0
reac-health: drift +0.3 ppm | discard 0.000 frames/s (0.000 ms/s) | ring 27 frames (6.75 ms) | late 2.00/s (catchup 2.00/s, dropped 0.00/s, worst debt 2 slots) | tx_errors 0 | rate-match 3452.4 ppm
reac-pacer: ring depth 16 frames (4.00 ms) [interval min 7 (1.75 ms) max 38 (9.50 ms)] | guard trims=0 dropped=0 frames | tx_errors=0 late_wakes=342 catchup=342 dropped_slots=0
reac-health: drift -1.0 ppm | discard 0.000 frames/s (0.000 ms/s) | ring 16 frames (4.00 ms) | late 1.76/s (catchup 1.76/s, dropped 0.00/s, worst debt 2 slots) | tx_errors 0 | rate-match 3095.2 ppm
reac-pacer: ring depth 17 frames (4.25 ms) [interval min 0 (0.00 ms) max 38 (9.50 ms)] | guard trims=0 dropped=0 frames | tx_errors=0 late_wakes=354 catchup=354 dropped_slots=0
reac-health: drift +0.6 ppm | discard 0.000 frames/s (0.000 ms/s) | ring 17 frames (4.25 ms) | late 1.20/s (catchup 1.20/s, dropped 0.00/s, worst debt 2 slots) | tx_errors 0 | rate-match 3095.2 ppm
reac-pacer: ring depth 28 frames (7.00 ms) [interval min 4 (1.00 ms) max 37 (9.25 ms)] | guard trims=0 dropped=0 frames | tx_errors=0 late_wakes=369 catchup=369 dropped_slots=0
reac-health: drift +10.3 ppm | discard 0.000 frames/s (0.000 ms/s) | ring 17 frames (4.25 ms) | late 1.40/s (catchup 1.40/s, dropped 0.00/s, worst debt 2 slots) | tx_errors 0 | rate-match 3214.3 ppm
reac-pacer: ring depth 21 frames (5.25 ms) [interval min 0 (0.00 ms) max 41 (10.25 ms)] | guard trims=0 dropped=0 frames | tx_errors=0 late_wakes=371 catchup=371 dropped_slots=0
reac-health: drift -10.1 ppm | discard 0.000 frames/s (0.000 ms/s) | ring 32 frames (8.00 ms) | late 0.20/s (catchup 0.20/s, dropped 0.00/s, worst debt 1 slots) | tx_errors 0 | rate-match 3095.2 ppm
reac-pacer: ring depth 32 frames (8.00 ms) [interval min 10 (2.50 ms) max 41 (10.25 ms)] | guard trims=0 dropped=0 frames | tx_errors=0 late_wakes=371 catchup=371 dropped_slots=0
reac-health: drift +1.5 ppm | discard 0.000 frames/s (0.000 ms/s) | ring 21 frames (5.25 ms) | late 0.00/s (catchup 0.00/s, dropped 0.00/s, worst debt 0 slots) | tx_errors 0 | rate-match 2857.1 ppm
reac-pacer: ring depth 23 frames (5.75 ms) [interval min 0 (0.00 ms) max 42 (10.50 ms)] | guard trims=0 dropped=0 frames | tx_errors=0 late_wakes=375 catchup=375 dropped_slots=0
reac-health: drift +11.1 ppm | discard 0.000 frames/s (0.000 ms/s) | ring 23 frames (5.75 ms) | late 0.40/s (catchup 0.40/s, dropped 0.00/s, worst debt 2 slots) | tx_errors 0 | rate-match 2619.0 ppm
reac-pacer: ring depth 34 frames (8.50 ms) [interval min 8 (2.00 ms) max 42 (10.50 ms)] | guard trims=0 dropped=0 frames | tx_errors=0 late_wakes=378 catchup=378 dropped_slots=0
reac-health: drift -12.6 ppm | discard 0.000 frames/s (0.000 ms/s) | ring 34 frames (8.50 ms) | late 0.39/s (catchup 0.39/s, dropped 0.00/s, worst debt 1 slots) | tx_errors 0 | rate-match 3095.2 ppm
reac-pacer: ring depth 23 frames (5.75 ms) [interval min 8 (2.00 ms) max 43 (10.75 ms)] | guard trims=0 dropped=0 frames | tx_errors=0 late_wakes=379 catchup=379 dropped_slots=0
reac-health: drift +10.9 ppm | discard 0.000 frames/s (0.000 ms/s) | ring 34 frames (8.50 ms) | late 0.00/s (catchup 0.00/s, dropped 0.00/s, worst debt 0 slots) | tx_errors 0 | rate-match 2619.0 ppm
reac-pacer: ring depth 22 frames (5.50 ms) [interval min 7 (1.75 ms) max 42 (10.50 ms)] | guard trims=0 dropped=0 frames | tx_errors=0 late_wakes=379 catchup=379 dropped_slots=0
reac-health: drift -9.5 ppm | discard 0.000 frames/s (0.000 ms/s) | ring 23 frames (5.75 ms) | late 0.00/s (catchup 0.00/s, dropped 0.00/s, worst debt 0 slots) | tx_errors 0 | rate-match 2976.2 ppm
reac-pacer: ring depth 33 frames (8.25 ms) [interval min 0 (0.00 ms) max 41 (10.25 ms)] | guard trims=0 dropped=0 frames | tx_errors=0 late_wakes=379 catchup=379 dropped_slots=0
reac-health: drift +9.9 ppm | discard 0.000 frames/s (0.000 ms/s) | ring 23 frames (5.75 ms) | late 0.00/s (catchup 0.00/s, dropped 0.00/s, worst debt 0 slots) | tx_errors 0 | rate-match 3095.2 ppm
reac-pacer: ring depth 23 frames (5.75 ms) [interval min 3 (0.75 ms) max 40 (10.00 ms)] | guard trims=0 dropped=0 frames | tx_errors=0 late_wakes=382 catchup=382 dropped_slots=0
reac-health: drift -10.8 ppm | discard 0.000 frames/s (0.000 ms/s) | ring 33 frames (8.25 ms) | late 0.29/s (catchup 0.29/s, dropped 0.00/s, worst debt 2 slots) | tx_errors 0 | rate-match 3095.2 ppm
reac-pacer: ring depth 33 frames (8.25 ms) [interval min 7 (1.75 ms) max 41 (10.25 ms)] | guard trims=0 dropped=0 frames | tx_errors=0 late_wakes=382 catchup=382 dropped_slots=0
reac-health: drift +0.4 ppm | discard 0.000 frames/s (0.000 ms/s) | ring 33 frames (8.25 ms) | late 0.00/s (catchup 0.00/s, dropped 0.00/s, worst debt 0 slots) | tx_errors 0 | rate-match 2857.1 ppm
reac-pacer: ring depth 23 frames (5.75 ms) [interval min 3 (0.75 ms) max 41 (10.25 ms)] | guard trims=0 dropped=0 frames | tx_errors=0 late_wakes=384 catchup=384 dropped_slots=0
reac-health: drift +0.1 ppm | discard 0.000 frames/s (0.000 ms/s) | ring 23 frames (5.75 ms) | late 0.20/s (catchup 0.20/s, dropped 0.00/s, worst debt 1 slots) | tx_errors 0 | rate-match 2976.2 ppm
reac-pacer: ring depth 23 frames (5.75 ms) [interval min 6 (1.50 ms) max 40 (10.00 ms)] | guard trims=0 dropped=0 frames | tx_errors=0 late_wakes=386 catchup=386 dropped_slots=0
reac-health: drift +0.6 ppm | discard 0.000 frames/s (0.000 ms/s) | ring 23 frames (5.75 ms) | late 0.20/s (catchup 0.20/s, dropped 0.00/s, worst debt 1 slots) | tx_errors 0 | rate-match 3095.2 ppm
reac-pacer: ring depth 24 frames (6.00 ms) [interval min 0 (0.00 ms) max 41 (10.25 ms)] | guard trims=0 dropped=0 frames | tx_errors=0 late_wakes=388 catchup=388 dropped_slots=0
reac-health: drift +1.3 ppm | discard 0.000 frames/s (0.000 ms/s) | ring 24 frames (6.00 ms) | late 0.20/s (catchup 0.20/s, dropped 0.00/s, worst debt 1 slots) | tx_errors 0 | rate-match 2857.1 ppm
reac-pacer: ring depth 24 frames (6.00 ms) [interval min 9 (2.25 ms) max 41 (10.25 ms)] | guard trims=0 dropped=0 frames | tx_errors=0 late_wakes=392 catchup=392 dropped_slots=0
reac-health: drift +12.3 ppm | discard 0.000 frames/s (0.000 ms/s) | ring 24 frames (6.00 ms) | late 0.40/s (catchup 0.40/s, dropped 0.00/s, worst debt 1 slots) | tx_errors 0 | rate-match 3095.2 ppm
reac-pacer: ring depth 35 frames (8.75 ms) [interval min 0 (0.00 ms) max 41 (10.25 ms)] | guard trims=0 dropped=0 frames | tx_errors=0 late_wakes=394 catchup=394 dropped_slots=0
reac-health: drift -13.8 ppm | discard 0.000 frames/s (0.000 ms/s) | ring 35 frames (8.75 ms) | late 0.20/s (catchup 0.20/s, dropped 0.00/s, worst debt 1 slots) | tx_errors 0 | rate-match 3214.3 ppm
reac-pacer: ring depth 25 frames (6.25 ms) [interval min 3 (0.75 ms) max 40 (10.00 ms)] | guard trims=0 dropped=0 frames | tx_errors=0 late_wakes=394 catchup=394 dropped_slots=0
reac-health: drift +0.7 ppm | discard 0.000 frames/s (0.000 ms/s) | ring 25 frames (6.25 ms) | late 0.00/s (catchup 0.00/s, dropped 0.00/s, worst debt 0 slots) | tx_errors 0 | rate-match 3095.2 ppm
reac-pacer: ring depth 35 frames (8.75 ms) [interval min 5 (1.25 ms) max 40 (10.00 ms)] | guard trims=0 dropped=0 frames | tx_errors=0 late_wakes=394 catchup=394 dropped_slots=0
reac-health: drift -0.9 ppm | discard 0.000 frames/s (0.000 ms/s) | ring 35 frames (8.75 ms) | late 0.00/s (catchup 0.00/s, dropped 0.00/s, worst debt 0 slots) | tx_errors 0 | rate-match 2857.1 ppm
reac-pacer: ring depth 35 frames (8.75 ms) [interval min 9 (2.25 ms) max 40 (10.00 ms)] | guard trims=0 dropped=0 frames | tx_errors=0 late_wakes=395 catchup=395 dropped_slots=0
reac-health: drift +0.7 ppm | discard 0.000 frames/s (0.000 ms/s) | ring 35 frames (8.75 ms) | late 0.10/s (catchup 0.10/s, dropped 0.00/s, worst debt 1 slots) | tx_errors 0 | rate-match 2976.2 ppm
reac-pacer: ring depth 25 frames (6.25 ms) [interval min 2 (0.50 ms) max 39 (9.75 ms)] | guard trims=0 dropped=0 frames | tx_errors=0 late_wakes=396 catchup=396 dropped_slots=0
reac-health: drift -0.5 ppm | discard 0.000 frames/s (0.000 ms/s) | ring 25 frames (6.25 ms) | late 0.10/s (catchup 0.10/s, dropped 0.00/s, worst debt 1 slots) | tx_errors 0 | rate-match 3452.4 ppm
reac-pacer: ring depth 25 frames (6.25 ms) [interval min 6 (1.50 ms) max 38 (9.50 ms)] | guard trims=0 dropped=0 frames | tx_errors=0 late_wakes=401 catchup=401 dropped_slots=0
reac-health: drift -0.9 ppm | discard 0.000 frames/s (0.000 ms/s) | ring 35 frames (8.75 ms) | late 0.49/s (catchup 0.49/s, dropped 0.00/s, worst debt 2 slots) | tx_errors 0 | rate-match 3095.2 ppm
reac-pacer: ring depth 35 frames (8.75 ms) [interval min 4 (1.00 ms) max 40 (10.00 ms)] | guard trims=0 dropped=0 frames | tx_errors=0 late_wakes=402 catchup=402 dropped_slots=0
reac-health: drift +1.6 ppm | discard 0.000 frames/s (0.000 ms/s) | ring 35 frames (8.75 ms) | late 0.10/s (catchup 0.10/s, dropped 0.00/s, worst debt 1 slots) | tx_errors 0 | rate-match 3095.2 ppm
reac-pacer: ring depth 35 frames (8.75 ms) [interval min 6 (1.50 ms) max 39 (9.75 ms)] | guard trims=0 dropped=0 frames | tx_errors=0 late_wakes=405 catchup=405 dropped_slots=0
reac-health: drift +14.3 ppm | discard 0.000 frames/s (0.000 ms/s) | ring 35 frames (8.75 ms) | late 0.30/s (catchup 0.30/s, dropped 0.00/s, worst debt 1 slots) | tx_errors 0 | rate-match 3214.3 ppm
reac-pacer: ring depth 25 frames (6.25 ms) [interval min 4 (1.00 ms) max 38 (9.50 ms)] | guard trims=0 dropped=0 frames | tx_errors=0 late_wakes=407 catchup=407 dropped_slots=0
reac-health: drift -14.7 ppm | discard 0.000 frames/s (0.000 ms/s) | ring 25 frames (6.25 ms) | late 0.20/s (catchup 0.20/s, dropped 0.00/s, worst debt 1 slots) | tx_errors 0 | rate-match 3214.3 ppm
reac-pacer: ring depth 25 frames (6.25 ms) [interval min 6 (1.50 ms) max 38 (9.50 ms)] | guard trims=0 dropped=0 frames | tx_errors=0 late_wakes=408 catchup=408 dropped_slots=0
reac-health: drift +0.4 ppm | discard 0.000 frames/s (0.000 ms/s) | ring 25 frames (6.25 ms) | late 0.10/s (catchup 0.10/s, dropped 0.00/s, worst debt 1 slots) | tx_errors 0 | rate-match 3214.3 ppm
reac-pacer: ring depth 14 frames (3.50 ms) [interval min 2 (0.50 ms) max 38 (9.50 ms)] | guard trims=0 dropped=0 frames | tx_errors=0 late_wakes=409 catchup=409 dropped_slots=0
reac-health: drift +0.9 ppm | discard 0.000 frames/s (0.000 ms/s) | ring 14 frames (3.50 ms) | late 0.10/s (catchup 0.10/s, dropped 0.00/s, worst debt 1 slots) | tx_errors 0 | rate-match 3095.2 ppm
reac-pacer: ring depth 14 frames (3.50 ms) [interval min 4 (1.00 ms) max 37 (9.25 ms)] | guard trims=0 dropped=0 frames | tx_errors=0 late_wakes=410 catchup=410 dropped_slots=0
reac-health: drift -2.3 ppm | discard 0.000 frames/s (0.000 ms/s) | ring 25 frames (6.25 ms) | late 0.10/s (catchup 0.10/s, dropped 0.00/s, worst debt 1 slots) | tx_errors 0 | rate-match 3333.3 ppm
reac-pacer: ring depth 14 frames (3.50 ms) [interval min 2 (0.50 ms) max 37 (9.25 ms)] | guard trims=0 dropped=0 frames | tx_errors=0 late_wakes=416 catchup=416 dropped_slots=0
reac-health: drift +0.1 ppm | discard 0.000 frames/s (0.000 ms/s) | ring 25 frames (6.25 ms) | late 0.60/s (catchup 0.60/s, dropped 0.00/s, worst debt 2 slots) | tx_errors 0 | rate-match 3809.5 ppm
reac-pacer: ring depth 37 frames (9.25 ms) [interval min 0 (0.00 ms) max 39 (9.75 ms)] | guard trims=0 dropped=0 frames | tx_errors=0 late_wakes=421 catchup=421 dropped_slots=0
reac-health: drift +1.7 ppm | discard 0.000 frames/s (0.000 ms/s) | ring 37 frames (9.25 ms) | late 0.49/s (catchup 0.49/s, dropped 0.00/s, worst debt 2 slots) | tx_errors 0 | rate-match 3095.2 ppm
reac-pacer: ring depth 27 frames (6.75 ms) [interval min 2 (0.50 ms) max 39 (9.75 ms)] | guard trims=0 dropped=0 frames | tx_errors=0 late_wakes=427 catchup=427 dropped_slots=0
reac-health: drift -1.9 ppm | discard 0.000 frames/s (0.000 ms/s) | ring 27 frames (6.75 ms) | late 0.69/s (catchup 0.69/s, dropped 0.00/s, worst debt 2 slots) | tx_errors 0 | rate-match 3452.4 ppm
reac-pacer: ring depth 27 frames (6.75 ms) [interval min 3 (0.75 ms) max 38 (9.50 ms)] | guard trims=0 dropped=0 frames | tx_errors=0 late_wakes=429 catchup=429 dropped_slots=0
reac-health: drift +0.8 ppm | discard 0.000 frames/s (0.000 ms/s) | ring 27 frames (6.75 ms) | late 0.10/s (catchup 0.10/s, dropped 0.00/s, worst debt 1 slots) | tx_errors 0 | rate-match 3571.4 ppm
reac-pacer: ring depth 27 frames (6.75 ms) [interval min 3 (0.75 ms) max 37 (9.25 ms)] | guard trims=0 dropped=0 frames | tx_errors=0 late_wakes=431 catchup=431 dropped_slots=0
reac-health: drift +0.1 ppm | discard 0.000 frames/s (0.000 ms/s) | ring 27 frames (6.75 ms) | late 0.20/s (catchup 0.20/s, dropped 0.00/s, worst debt 2 slots) | tx_errors 0 | rate-match 3571.4 ppm
reac-pacer: ring depth 27 frames (6.75 ms) [interval min 5 (1.25 ms) max 38 (9.50 ms)] | guard trims=0 dropped=0 frames | tx_errors=0 late_wakes=433 catchup=433 dropped_slots=0
reac-health: drift +1.8 ppm | discard 0.000 frames/s (0.000 ms/s) | ring 16 frames (4.00 ms) | late 0.20/s (catchup 0.20/s, dropped 0.00/s, worst debt 1 slots) | tx_errors 0 | rate-match 3452.4 ppm
reac-pacer: ring depth 16 frames (4.00 ms) [interval min 2 (0.50 ms) max 38 (9.50 ms)] | guard trims=0 dropped=0 frames | tx_errors=0 late_wakes=435 catchup=435 dropped_slots=0
reac-health: drift -2.6 ppm | discard 0.000 frames/s (0.000 ms/s) | ring 27 frames (6.75 ms) | late 0.20/s (catchup 0.20/s, dropped 0.00/s, worst debt 1 slots) | tx_errors 0 | rate-match 3214.3 ppm
reac-pacer: ring depth 27 frames (6.75 ms) [interval min 4 (1.00 ms) max 37 (9.25 ms)] | guard trims=0 dropped=0 frames | tx_errors=0 late_wakes=435 catchup=435 dropped_slots=0
reac-health: drift -0.1 ppm | discard 0.000 frames/s (0.000 ms/s) | ring 16 frames (4.00 ms) | late 0.00/s (catchup 0.00/s, dropped 0.00/s, worst debt 0 slots) | tx_errors 0 | rate-match 3571.4 ppm
reac-pacer: ring depth 27 frames (6.75 ms) [interval min 4 (1.00 ms) max 36 (9.00 ms)] | guard trims=0 dropped=0 frames | tx_errors=0 late_wakes=438 catchup=438 dropped_slots=0
reac-health: drift +0.2 ppm | discard 0.000 frames/s (0.000 ms/s) | ring 16 frames (4.00 ms) | late 0.30/s (catchup 0.30/s, dropped 0.00/s, worst debt 2 slots) | tx_errors 0 | rate-match 3809.5 ppm
reac-pacer: ring depth 16 frames (4.00 ms) [interval min 2 (0.50 ms) max 36 (9.00 ms)] | guard trims=0 dropped=0 frames | tx_errors=0 late_wakes=439 catchup=439 dropped_slots=0
reac-health: drift +0.0 ppm | discard 0.000 frames/s (0.000 ms/s) | ring 16 frames (4.00 ms) | late 0.10/s (catchup 0.10/s, dropped 0.00/s, worst debt 1 slots) | tx_errors 0 | rate-match 3214.3 ppm
reac-pacer: ring depth 28 frames (7.00 ms) [interval min 0 (0.00 ms) max 36 (9.00 ms)] | guard trims=0 dropped=0 frames | tx_errors=0 late_wakes=440 catchup=440 dropped_slots=0
reac-health: drift +0.0 ppm | discard 0.000 frames/s (0.000 ms/s) | ring 17 frames (4.25 ms) | late 0.10/s (catchup 0.10/s, dropped 0.00/s, worst debt 1 slots) | tx_errors 0 | rate-match 3333.3 ppm
reac-pacer: ring depth 28 frames (7.00 ms) [interval min 2 (0.50 ms) max 36 (9.00 ms)] | guard trims=0 dropped=0 frames | tx_errors=0 late_wakes=446 catchup=446 dropped_slots=0
reac-health: drift +1.6 ppm | discard 0.000 frames/s (0.000 ms/s) | ring 17 frames (4.25 ms) | late 0.60/s (catchup 0.60/s, dropped 0.00/s, worst debt 2 slots) | tx_errors 0 | rate-match 3333.3 ppm
reac-pacer: ring depth 17 frames (4.25 ms) [interval min 1 (0.25 ms) max 36 (9.00 ms)] | guard trims=0 dropped=0 frames | tx_errors=0 late_wakes=447 catchup=447 dropped_slots=0
reac-health: drift +12.1 ppm | discard 0.000 frames/s (0.000 ms/s) | ring 28 frames (7.00 ms) | late 0.10/s (catchup 0.10/s, dropped 0.00/s, worst debt 1 slots) | tx_errors 0 | rate-match 3690.5 ppm
reac-pacer: ring depth 28 frames (7.00 ms) [interval min 3 (0.75 ms) max 36 (9.00 ms)] | guard trims=0 dropped=0 frames | tx_errors=0 late_wakes=447 catchup=447 dropped_slots=0
reac-health: drift -13.5 ppm | discard 0.000 frames/s (0.000 ms/s) | ring 17 frames (4.25 ms) | late 0.00/s (catchup 0.00/s, dropped 0.00/s, worst debt 0 slots) | tx_errors 0 | rate-match 3571.4 ppm
reac-pacer: ring depth 28 frames (7.00 ms) [interval min 2 (0.50 ms) max 35 (8.75 ms)] | guard trims=0 dropped=0 frames | tx_errors=0 late_wakes=448 catchup=448 dropped_slots=0
reac-health: drift +6.4 ppm | discard 0.000 frames/s (0.000 ms/s) | ring 17 frames (4.25 ms) | late 0.10/s (catchup 0.10/s, dropped 0.00/s, worst debt 1 slots) | tx_errors 0 | rate-match 3452.4 ppm
reac-pacer: ring depth 30 frames (7.50 ms) [interval min 0 (0.00 ms) max 36 (9.00 ms)] | guard trims=0 dropped=0 frames | tx_errors=0 late_wakes=449 catchup=449 dropped_slots=0
reac-health: drift -4.0 ppm | discard 0.000 frames/s (0.000 ms/s) | ring 30 frames (7.50 ms) | late 0.10/s (catchup 0.10/s, dropped 0.00/s, worst debt 1 slots) | tx_errors 0 | rate-match 3690.5 ppm
reac-pacer: ring depth 21 frames (5.25 ms) [interval min 0 (0.00 ms) max 39 (9.75 ms)] | guard trims=0 dropped=0 frames | tx_errors=0 late_wakes=454 catchup=454 dropped_slots=0
reac-health: drift +7.9 ppm | discard 0.000 frames/s (0.000 ms/s) | ring 21 frames (5.25 ms) | late 0.49/s (catchup 0.49/s, dropped 0.00/s, worst debt 2 slots) | tx_errors 0 | rate-match 3214.3 ppm
reac-pacer: ring depth 21 frames (5.25 ms) [interval min 1 (0.25 ms) max 39 (9.75 ms)] | guard trims=0 dropped=0 frames | tx_errors=0 late_wakes=454 catchup=454 dropped_slots=0
reac-health: drift -10.3 ppm | discard 0.000 frames/s (0.000 ms/s) | ring 32 frames (8.00 ms) | late 0.10/s (catchup 0.10/s, dropped 0.00/s, worst debt 1 slots) | tx_errors 0 | rate-match 3095.2 ppm
reac-pacer: ring depth 32 frames (8.00 ms) [interval min 3 (0.75 ms) max 39 (9.75 ms)] | guard trims=0 dropped=0 frames | tx_errors=0 late_wakes=456 catchup=456 dropped_slots=0
reac-health: drift -0.2 ppm | discard 0.000 frames/s (0.000 ms/s) | ring 21 frames (5.25 ms) | late 0.10/s (catchup 0.10/s, dropped 0.00/s, worst debt 1 slots) | tx_errors 0 | rate-match 3452.4 ppm
reac-pacer: ring depth 32 frames (8.00 ms) [interval min 5 (1.25 ms) max 38 (9.50 ms)] | guard trims=0 dropped=0 frames | tx_errors=0 late_wakes=456 catchup=456 dropped_slots=0
reac-health: drift +0.4 ppm | discard 0.000 frames/s (0.000 ms/s) | ring 21 frames (5.25 ms) | late 0.00/s (catchup 0.00/s, dropped 0.00/s, worst debt 0 slots) | tx_errors 0 | rate-match 3452.4 ppm
reac-pacer: ring depth 32 frames (8.00 ms) [interval min 1 (0.25 ms) max 38 (9.50 ms)] | guard trims=0 dropped=0 frames | tx_errors=0 late_wakes=457 catchup=457 dropped_slots=0
reac-health: drift +12.3 ppm | discard 0.000 frames/s (0.000 ms/s) | ring 21 frames (5.25 ms) | late 0.10/s (catchup 0.10/s, dropped 0.00/s, worst debt 1 slots) | tx_errors 0 | rate-match 3095.2 ppm
reac-pacer: ring depth 41 frames (10.25 ms) [interval min 0 (0.00 ms) max 46 (11.50 ms)] | guard trims=0 dropped=0 frames | tx_errors=0 late_wakes=469 catchup=468 dropped_slots=8
reac-health: drift +184.7 ppm | discard 0.000 frames/s (0.000 ms/s) | ring 41 frames (10.25 ms) | late 1.18/s (catchup 1.08/s, dropped 0.78/s, worst debt 8 slots) | tx_errors 0 | rate-match 2261.9 ppm
reac-pacer: ring depth 30 frames (7.50 ms) [interval min 10 (2.50 ms) max 46 (11.50 ms)] | guard trims=0 dropped=0 frames | tx_errors=0 late_wakes=472 catchup=471 dropped_slots=8
reac-health: drift +0.7 ppm | discard 0.000 frames/s (0.000 ms/s) | ring 41 frames (10.25 ms) | late 0.50/s (catchup 0.50/s, dropped 0.00/s, worst debt 2 slots) | tx_errors 0 | rate-match 2381.0 ppm
reac-pacer: ring depth 41 frames (10.25 ms) [interval min 10 (2.50 ms) max 45 (11.25 ms)] | guard trims=0 dropped=0 frames | tx_errors=0 late_wakes=479 catchup=478 dropped_slots=8
reac-health: drift +6.9 ppm | discard 0.000 frames/s (0.000 ms/s) | ring 30 frames (7.50 ms) | late 0.49/s (catchup 0.49/s, dropped 0.00/s, worst debt 3 slots) | tx_errors 0 | rate-match 2261.9 ppm
reac-pacer: ring depth 30 frames (7.50 ms) [interval min 9 (2.25 ms) max 45 (11.25 ms)] | guard trims=0 dropped=0 frames | tx_errors=0 late_wakes=480 catchup=479 dropped_slots=8
reac-health: drift -8.6 ppm | discard 0.000 frames/s (0.000 ms/s) | ring 41 frames (10.25 ms) | late 0.10/s (catchup 0.10/s, dropped 0.00/s, worst debt 1 slots) | tx_errors 0 | rate-match 2619.0 ppm
reac-pacer: ring depth 30 frames (7.50 ms) [interval min 6 (1.50 ms) max 45 (11.25 ms)] | guard trims=0 dropped=0 frames | tx_errors=0 late_wakes=480 catchup=479 dropped_slots=8
reac-health: drift +0.6 ppm | discard 0.000 frames/s (0.000 ms/s) | ring 19 frames (4.75 ms) | late 0.00/s (catchup 0.00/s, dropped 0.00/s, worst debt 0 slots) | tx_errors 0 | rate-match 2381.0 ppm
reac-pacer: ring depth 19 frames (4.75 ms) [interval min 10 (2.50 ms) max 44 (11.00 ms)] | guard trims=0 dropped=0 frames | tx_errors=0 late_wakes=485 catchup=484 dropped_slots=8
reac-health: drift +0.6 ppm | discard 0.000 frames/s (0.000 ms/s) | ring 37 frames (9.25 ms) | late 0.50/s (catchup 0.50/s, dropped 0.00/s, worst debt 2 slots) | tx_errors 0 | rate-match 2619.0 ppm
reac-pacer: ring depth 19 frames (4.75 ms) [interval min 14 (3.50 ms) max 44 (11.00 ms)] | guard trims=0 dropped=0 frames | tx_errors=0 late_wakes=485 catchup=484 dropped_slots=8
reac-health: drift +23.7 ppm | discard 0.000 frames/s (0.000 ms/s) | ring 30 frames (7.50 ms) | late 0.00/s (catchup 0.00/s, dropped 0.00/s, worst debt 0 slots) | tx_errors 0 | rate-match 2738.1 ppm
reac-pacer: ring depth 30 frames (7.50 ms) [interval min 8 (2.00 ms) max 45 (11.25 ms)] | guard trims=0 dropped=0 frames | tx_errors=0 late_wakes=492 catchup=491 dropped_slots=8
reac-health: drift +0.2 ppm | discard 0.000 frames/s (0.000 ms/s) | ring 30 frames (7.50 ms) | late 0.70/s (catchup 0.70/s, dropped 0.00/s, worst debt 1 slots) | tx_errors 0 | rate-match 2738.1 ppm
reac-pacer: ring depth 30 frames (7.50 ms) [interval min 9 (2.25 ms) max 44 (11.00 ms)] | guard trims=0 dropped=0 frames | tx_errors=0 late_wakes=496 catchup=495 dropped_slots=8
reac-health: drift -0.5 ppm | discard 0.000 frames/s (0.000 ms/s) | ring 41 frames (10.25 ms) | late 0.39/s (catchup 0.39/s, dropped 0.00/s, worst debt 1 slots) | tx_errors 0 | rate-match 2500.0 ppm
reac-pacer: ring depth 35 frames (8.75 ms) [interval min 11 (2.75 ms) max 48 (12.00 ms)] | guard trims=0 dropped=0 frames | tx_errors=0 late_wakes=501 catchup=499 dropped_slots=13
reac-health: drift +129.2 ppm | discard 0.000 frames/s (0.000 ms/s) | ring 47 frames (11.75 ms) | late 0.60/s (catchup 0.50/s, dropped 0.50/s, worst debt 5 slots) | tx_errors 0 | rate-match 2023.8 ppm
reac-pacer: ring depth 25 frames (6.25 ms) [interval min 13 (3.25 ms) max 49 (12.25 ms)] | guard trims=0 dropped=0 frames | tx_errors=0 late_wakes=506 catchup=504 dropped_slots=13
reac-health: drift -3.7 ppm | discard 0.000 frames/s (0.000 ms/s) | ring 36 frames (9.00 ms) | late 0.39/s (catchup 0.39/s, dropped 0.00/s, worst debt 1 slots) | tx_errors 0 | rate-match 1785.7 ppm
reac-pacer: ring depth 36 frames (9.00 ms) [interval min 15 (3.75 ms) max 49 (12.25 ms)] | guard trims=0 dropped=0 frames | tx_errors=0 late_wakes=510 catchup=508 dropped_slots=13
reac-health: drift -0.2 ppm | discard 0.000 frames/s (0.000 ms/s) | ring 37 frames (9.25 ms) | late 0.49/s (catchup 0.49/s, dropped 0.00/s, worst debt 1 slots) | tx_errors 0 | rate-match 2023.8 ppm
reac-pacer: ring depth 35 frames (8.75 ms) [interval min 13 (3.25 ms) max 48 (12.00 ms)] | guard trims=0 dropped=0 frames | tx_errors=0 late_wakes=524 catchup=522 dropped_slots=13
reac-health: drift -0.2 ppm | discard 0.000 frames/s (0.000 ms/s) | ring 36 frames (9.00 ms) | late 1.47/s (catchup 1.47/s, dropped 0.00/s, worst debt 1 slots) | tx_errors 0 | rate-match 2023.8 ppm
reac-pacer: ring depth 25 frames (6.25 ms) [interval min 11 (2.75 ms) max 47 (11.75 ms)] | guard trims=0 dropped=0 frames | tx_errors=0 late_wakes=535 catchup=533 dropped_slots=13
reac-health: drift +0.5 ppm | discard 0.000 frames/s (0.000 ms/s) | ring 36 frames (9.00 ms) | late 1.00/s (catchup 1.00/s, dropped 0.00/s, worst debt 1 slots) | tx_errors 0 | rate-match 2023.8 ppm
reac-pacer: ring depth 36 frames (9.00 ms) [interval min 14 (3.50 ms) max 47 (11.75 ms)] | guard trims=0 dropped=0 frames | tx_errors=0 late_wakes=547 catchup=545 dropped_slots=13
reac-health: drift +0.1 ppm | discard 0.000 frames/s (0.000 ms/s) | ring 36 frames (9.00 ms) | late 1.20/s (catchup 1.20/s, dropped 0.00/s, worst debt 1 slots) | tx_errors 0 | rate-match 2142.9 ppm
reac-pacer: ring depth 35 frames (8.75 ms) [interval min 14 (3.50 ms) max 47 (11.75 ms)] | guard trims=0 dropped=0 frames | tx_errors=0 late_wakes=557 catchup=555 dropped_slots=13
reac-health: drift -11.3 ppm | discard 0.000 frames/s (0.000 ms/s) | ring 35 frames (8.75 ms) | late 0.90/s (catchup 0.90/s, dropped 0.00/s, worst debt 1 slots) | tx_errors 0 | rate-match 2261.9 ppm
reac-pacer: ring depth 25 frames (6.25 ms) [interval min 10 (2.50 ms) max 46 (11.50 ms)] | guard trims=0 dropped=0 frames | tx_errors=0 late_wakes=569 catchup=567 dropped_slots=13
reac-health: drift +11.4 ppm | discard 0.000 frames/s (0.000 ms/s) | ring 25 frames (6.25 ms) | late 1.18/s (catchup 1.18/s, dropped 0.00/s, worst debt 1 slots) | tx_errors 0 | rate-match 2142.9 ppm
reac-pacer: ring depth 25 frames (6.25 ms) [interval min 11 (2.75 ms) max 45 (11.25 ms)] | guard trims=0 dropped=0 frames | tx_errors=0 late_wakes=582 catchup=580 dropped_slots=13
reac-health: drift -0.6 ppm | discard 0.000 frames/s (0.000 ms/s) | ring 36 frames (9.00 ms) | late 1.27/s (catchup 1.27/s, dropped 0.00/s, worst debt 1 slots) | tx_errors 0 | rate-match 2261.9 ppm
reac-pacer: ring depth 36 frames (9.00 ms) [interval min 10 (2.50 ms) max 47 (11.75 ms)] | guard trims=0 dropped=0 frames | tx_errors=0 late_wakes=593 catchup=591 dropped_slots=13
reac-health: drift +7.9 ppm | discard 0.000 frames/s (0.000 ms/s) | ring 36 frames (9.00 ms) | late 1.10/s (catchup 1.10/s, dropped 0.00/s, worst debt 1 slots) | tx_errors 0 | rate-match 2381.0 ppm
reac-pacer: ring depth 36 frames (9.00 ms) [interval min 13 (3.25 ms) max 46 (11.50 ms)] | guard trims=0 dropped=0 frames | tx_errors=0 late_wakes=602 catchup=600 dropped_slots=13
reac-health: drift -3.8 ppm | discard 0.000 frames/s (0.000 ms/s) | ring 35 frames (8.75 ms) | late 1.00/s (catchup 1.00/s, dropped 0.00/s, worst debt 1 slots) | tx_errors 0 | rate-match 2500.0 ppm
reac-pacer: ring depth 35 frames (8.75 ms) [interval min 14 (3.50 ms) max 45 (11.25 ms)] | guard trims=0 dropped=0 frames | tx_errors=0 late_wakes=612 catchup=610 dropped_slots=13
reac-health: drift -3.9 ppm | discard 0.000 frames/s (0.000 ms/s) | ring 25 frames (6.25 ms) | late 0.98/s (catchup 0.98/s, dropped 0.00/s, worst debt 1 slots) | tx_errors 0 | rate-match 2500.0 ppm
reac-pacer: ring depth 25 frames (6.25 ms) [interval min 8 (2.00 ms) max 45 (11.25 ms)] | guard trims=0 dropped=0 frames | tx_errors=0 late_wakes=623 catchup=621 dropped_slots=13
reac-health: drift +1.7 ppm | discard 0.000 frames/s (0.000 ms/s) | ring 25 frames (6.25 ms) | late 1.10/s (catchup 1.10/s, dropped 0.00/s, worst debt 1 slots) | tx_errors 0 | rate-match 2738.1 ppm
reac-pacer: ring depth 24 frames (6.00 ms) [interval min 8 (2.00 ms) max 45 (11.25 ms)] | guard trims=0 dropped=0 frames | tx_errors=0 late_wakes=634 catchup=632 dropped_slots=13
reac-health: drift -2.0 ppm | discard 0.000 frames/s (0.000 ms/s) | ring 36 frames (9.00 ms) | late 1.08/s (catchup 1.08/s, dropped 0.00/s, worst debt 1 slots) | tx_errors 0 | rate-match 2381.0 ppm
reac-pacer: ring depth 36 frames (9.00 ms) [interval min 6 (1.50 ms) max 45 (11.25 ms)] | guard trims=0 dropped=0 frames | tx_errors=0 late_wakes=646 catchup=644 dropped_slots=13
reac-health: drift -0.1 ppm | discard 0.000 frames/s (0.000 ms/s) | ring 25 frames (6.25 ms) | late 1.08/s (catchup 1.08/s, dropped 0.00/s, worst debt 2 slots) | tx_errors 0 | rate-match 2738.1 ppm
reac-pacer: ring depth 35 frames (8.75 ms) [interval min 7 (1.75 ms) max 44 (11.00 ms)] | guard trims=0 dropped=0 frames | tx_errors=0 late_wakes=658 catchup=656 dropped_slots=13
reac-health: drift +0.6 ppm | discard 0.000 frames/s (0.000 ms/s) | ring 25 frames (6.25 ms) | late 1.20/s (catchup 1.20/s, dropped 0.00/s, worst debt 2 slots) | tx_errors 0 | rate-match 2857.1 ppm
reac-pacer: ring depth 24 frames (6.00 ms) [interval min 9 (2.25 ms) max 44 (11.00 ms)] | guard trims=0 dropped=0 frames | tx_errors=0 late_wakes=658 catchup=656 dropped_slots=13
reac-health: drift +1.9 ppm | discard 0.000 frames/s (0.000 ms/s) | ring 25 frames (6.25 ms) | late 0.10/s (catchup 0.10/s, dropped 0.00/s, worst debt 1 slots) | tx_errors 0 | rate-match 2500.0 ppm
reac-pacer: ring depth 36 frames (9.00 ms) [interval min 11 (2.75 ms) max 44 (11.00 ms)] | guard trims=0 dropped=0 frames | tx_errors=0 late_wakes=662 catchup=660 dropped_slots=13
reac-health: drift -2.0 ppm | discard 0.000 frames/s (0.000 ms/s) | ring 36 frames (9.00 ms) | late 0.29/s (catchup 0.29/s, dropped 0.00/s, worst debt 1 slots) | tx_errors 0 | rate-match 2500.0 ppm
reac-pacer: ring depth 25 frames (6.25 ms) [interval min 8 (2.00 ms) max 43 (10.75 ms)] | guard trims=0 dropped=0 frames | tx_errors=0 late_wakes=666 catchup=664 dropped_slots=13
reac-health: drift -0.6 ppm | discard 0.000 frames/s (0.000 ms/s) | ring 25 frames (6.25 ms) | late 0.39/s (catchup 0.39/s, dropped 0.00/s, worst debt 1 slots) | tx_errors 0 | rate-match 2619.0 ppm
reac-pacer: ring depth 35 frames (8.75 ms) [interval min 8 (2.00 ms) max 42 (10.50 ms)] | guard trims=0 dropped=0 frames | tx_errors=0 late_wakes=667 catchup=665 dropped_slots=13
reac-health: drift +0.2 ppm | discard 0.000 frames/s (0.000 ms/s) | ring 25 frames (6.25 ms) | late 0.10/s (catchup 0.10/s, dropped 0.00/s, worst debt 1 slots) | tx_errors 0 | rate-match 2619.0 ppm
reac-pacer: ring depth 25 frames (6.25 ms) [interval min 8 (2.00 ms) max 43 (10.75 ms)] | guard trims=0 dropped=0 frames | tx_errors=0 late_wakes=669 catchup=667 dropped_slots=13
reac-health: drift +1.8 ppm | discard 0.000 frames/s (0.000 ms/s) | ring 25 frames (6.25 ms) | late 0.20/s (catchup 0.20/s, dropped 0.00/s, worst debt 1 slots) | tx_errors 0 | rate-match 2976.2 ppm
reac-pacer: ring depth 25 frames (6.25 ms) [interval min 7 (1.75 ms) max 43 (10.75 ms)] | guard trims=0 dropped=0 frames | tx_errors=0 late_wakes=680 catchup=678 dropped_slots=13
reac-health: drift +0.4 ppm | discard 0.000 frames/s (0.000 ms/s) | ring 25 frames (6.25 ms) | late 1.10/s (catchup 1.10/s, dropped 0.00/s, worst debt 2 slots) | tx_errors 0 | rate-match 2857.1 ppm
reac-pacer: ring depth 36 frames (9.00 ms) [interval min 6 (1.50 ms) max 42 (10.50 ms)] | guard trims=0 dropped=0 frames | tx_errors=0 late_wakes=693 catchup=691 dropped_slots=13
reac-health: drift -0.2 ppm | discard 0.000 frames/s (0.000 ms/s) | ring 36 frames (9.00 ms) | late 1.27/s (catchup 1.27/s, dropped 0.00/s, worst debt 1 slots) | tx_errors 0 | rate-match 3095.2 ppm
reac-pacer: ring depth 36 frames (9.00 ms) [interval min 5 (1.25 ms) max 41 (10.25 ms)] | guard trims=0 dropped=0 frames | tx_errors=0 late_wakes=703 catchup=701 dropped_slots=13
reac-health: drift +1.0 ppm | discard 0.000 frames/s (0.000 ms/s) | ring 36 frames (9.00 ms) | late 1.00/s (catchup 1.00/s, dropped 0.00/s, worst debt 1 slots) | tx_errors 0 | rate-match 3095.2 ppm
reac-pacer: ring depth 25 frames (6.25 ms) [interval min 6 (1.50 ms) max 42 (10.50 ms)] | guard trims=0 dropped=0 frames | tx_errors=0 late_wakes=716 catchup=714 dropped_slots=13
reac-health: drift -1.7 ppm | discard 0.000 frames/s (0.000 ms/s) | ring 25 frames (6.25 ms) | late 1.27/s (catchup 1.27/s, dropped 0.00/s, worst debt 1 slots) | tx_errors 0 | rate-match 3095.2 ppm
reac-pacer: ring depth 24 frames (6.00 ms) [interval min 9 (2.25 ms) max 41 (10.25 ms)] | guard trims=0 dropped=0 frames | tx_errors=0 late_wakes=729 catchup=727 dropped_slots=13
reac-health: drift -11.0 ppm | discard 0.000 frames/s (0.000 ms/s) | ring 24 frames (6.00 ms) | late 1.30/s (catchup 1.30/s, dropped 0.00/s, worst debt 2 slots) | tx_errors 0 | rate-match 3095.2 ppm
reac-pacer: ring depth 35 frames (8.75 ms) [interval min 4 (1.00 ms) max 40 (10.00 ms)] | guard trims=0 dropped=0 frames | tx_errors=0 late_wakes=742 catchup=740 dropped_slots=13
reac-health: drift -3.6 ppm | discard 0.000 frames/s (0.000 ms/s) | ring 35 frames (8.75 ms) | late 1.27/s (catchup 1.27/s, dropped 0.00/s, worst debt 2 slots) | tx_errors 0 | rate-match 2857.1 ppm
reac-pacer: ring depth 25 frames (6.25 ms) [interval min 4 (1.00 ms) max 40 (10.00 ms)] | guard trims=0 dropped=0 frames | tx_errors=0 late_wakes=756 catchup=754 dropped_slots=13
reac-health: drift +15.4 ppm | discard 0.000 frames/s (0.000 ms/s) | ring 25 frames (6.25 ms) | late 1.37/s (catchup 1.37/s, dropped 0.00/s, worst debt 1 slots) | tx_errors 0 | rate-match 3333.3 ppm
reac-pacer: ring depth 25 frames (6.25 ms) [interval min 2 (0.50 ms) max 40 (10.00 ms)] | guard trims=0 dropped=0 frames | tx_errors=0 late_wakes=770 catchup=768 dropped_slots=13
reac-health: drift +1.9 ppm | discard 0.000 frames/s (0.000 ms/s) | ring 25 frames (6.25 ms) | late 1.40/s (catchup 1.40/s, dropped 0.00/s, worst debt 2 slots) | tx_errors 0 | rate-match 2976.2 ppm
reac-pacer: ring depth 36 frames (9.00 ms) [interval min 5 (1.25 ms) max 39 (9.75 ms)] | guard trims=0 dropped=0 frames | tx_errors=0 late_wakes=784 catchup=782 dropped_slots=13
reac-health: drift -3.2 ppm | discard 0.000 frames/s (0.000 ms/s) | ring 36 frames (9.00 ms) | late 1.37/s (catchup 1.37/s, dropped 0.00/s, worst debt 2 slots) | tx_errors 0 | rate-match 2976.2 ppm
reac-pacer: ring depth 35 frames (8.75 ms) [interval min 3 (0.75 ms) max 39 (9.75 ms)] | guard trims=0 dropped=0 frames | tx_errors=0 late_wakes=797 catchup=795 dropped_slots=13
reac-health: drift -9.3 ppm | discard 0.000 frames/s (0.000 ms/s) | ring 35 frames (8.75 ms) | late 1.30/s (catchup 1.30/s, dropped 0.00/s, worst debt 1 slots) | tx_errors 0 | rate-match 3214.3 ppm
reac-pacer: ring depth 24 frames (6.00 ms) [interval min 1 (0.25 ms) max 39 (9.75 ms)] | guard trims=0 dropped=0 frames | tx_errors=0 late_wakes=807 catchup=805 dropped_slots=13
reac-health: drift +1.7 ppm | discard 0.000 frames/s (0.000 ms/s) | ring 24 frames (6.00 ms) | late 0.98/s (catchup 0.98/s, dropped 0.00/s, worst debt 1 slots) | tx_errors 0 | rate-match 3214.3 ppm
reac-pacer: ring depth 15 frames (3.75 ms) [interval min 2 (0.50 ms) max 39 (9.75 ms)] | guard trims=0 dropped=0 frames | tx_errors=0 late_wakes=819 catchup=817 dropped_slots=13
reac-health: drift +8.8 ppm | discard 0.000 frames/s (0.000 ms/s) | ring 15 frames (3.75 ms) | late 1.18/s (catchup 1.18/s, dropped 0.00/s, worst debt 1 slots) | tx_errors 0 | rate-match 3214.3 ppm
reac-pacer: ring depth 15 frames (3.75 ms) [interval min 3 (0.75 ms) max 39 (9.75 ms)] | guard trims=0 dropped=0 frames | tx_errors=0 late_wakes=831 catchup=829 dropped_slots=13
reac-health: drift +0.9 ppm | discard 0.000 frames/s (0.000 ms/s) | ring 15 frames (3.75 ms) | late 1.20/s (catchup 1.20/s, dropped 0.00/s, worst debt 1 slots) | tx_errors 0 | rate-match 3214.3 ppm
reac-pacer: ring depth 26 frames (6.50 ms) [interval min 0 (0.00 ms) max 38 (9.50 ms)] | guard trims=0 dropped=0 frames | tx_errors=0 late_wakes=843 catchup=841 dropped_slots=13
reac-health: drift -1.8 ppm | discard 0.000 frames/s (0.000 ms/s) | ring 26 frames (6.50 ms) | late 1.18/s (catchup 1.18/s, dropped 0.00/s, worst debt 2 slots) | tx_errors 0 | rate-match 3333.3 ppm
reac-pacer: ring depth 27 frames (6.75 ms) [interval min 0 (0.00 ms) max 40 (10.00 ms)] | guard trims=0 dropped=0 frames | tx_errors=0 late_wakes=856 catchup=854 dropped_slots=13
reac-health: drift +0.3 ppm | discard 0.000 frames/s (0.000 ms/s) | ring 27 frames (6.75 ms) | late 1.30/s (catchup 1.30/s, dropped 0.00/s, worst debt 2 slots) | tx_errors 0 | rate-match 3214.3 ppm
reac-pacer: ring depth 27 frames (6.75 ms) [interval min 1 (0.25 ms) max 40 (10.00 ms)] | guard trims=0 dropped=0 frames | tx_errors=0 late_wakes=868 catchup=866 dropped_slots=13
reac-health: drift +3.0 ppm | discard 0.000 frames/s (0.000 ms/s) | ring 27 frames (6.75 ms) | late 1.20/s (catchup 1.20/s, dropped 0.00/s, worst debt 1 slots) | tx_errors 0 | rate-match 3452.4 ppm
reac-pacer: ring depth 16 frames (4.00 ms) [interval min 3 (0.75 ms) max 39 (9.75 ms)] | guard trims=0 dropped=0 frames | tx_errors=0 late_wakes=878 catchup=876 dropped_slots=13
reac-health: drift -13.2 ppm | discard 0.000 frames/s (0.000 ms/s) | ring 28 frames (7.00 ms) | late 0.98/s (catchup 0.98/s, dropped 0.00/s, worst debt 1 slots) | tx_errors 0 | rate-match 3095.2 ppm
reac-pacer: ring depth 27 frames (6.75 ms) [interval min 4 (1.00 ms) max 38 (9.50 ms)] | guard trims=0 dropped=0 frames | tx_errors=0 late_wakes=887 catchup=885 dropped_slots=13
reac-health: drift +10.3 ppm | discard 0.000 frames/s (0.000 ms/s) | ring 27 frames (6.75 ms) | late 0.88/s (catchup 0.88/s, dropped 0.00/s, worst debt 1 slots) | tx_errors 0 | rate-match 3333.3 ppm
reac-pacer: ring depth 17 frames (4.25 ms) [interval min 5 (1.25 ms) max 38 (9.50 ms)] | guard trims=0 dropped=0 frames | tx_errors=0 late_wakes=901 catchup=899 dropped_slots=13
reac-health: drift -0.5 ppm | discard 0.000 frames/s (0.000 ms/s) | ring 17 frames (4.25 ms) | late 1.37/s (catchup 1.37/s, dropped 0.00/s, worst debt 1 slots) | tx_errors 0 | rate-match 3452.4 ppm
reac-pacer: ring depth 16 frames (4.00 ms) [interval min 3 (0.75 ms) max 38 (9.50 ms)] | guard trims=0 dropped=0 frames | tx_errors=0 late_wakes=911 catchup=909 dropped_slots=13
reac-health: drift -15.0 ppm | discard 0.000 frames/s (0.000 ms/s) | ring 16 frames (4.00 ms) | late 1.00/s (catchup 1.00/s, dropped 0.00/s, worst debt 1 slots) | tx_errors 0 | rate-match 3452.4 ppm
reac-pacer: ring depth 27 frames (6.75 ms) [interval min 1 (0.25 ms) max 37 (9.25 ms)] | guard trims=0 dropped=0 frames | tx_errors=0 late_wakes=926 catchup=924 dropped_slots=13
reac-health: drift +17.1 ppm | discard 0.000 frames/s (0.000 ms/s) | ring 27 frames (6.75 ms) | late 1.47/s (catchup 1.47/s, dropped 0.00/s, worst debt 1 slots) | tx_errors 0 | rate-match 3214.3 ppm
reac-pacer: ring depth 27 frames (6.75 ms) [interval min 1 (0.25 ms) max 38 (9.50 ms)] | guard trims=0 dropped=0 frames | tx_errors=0 late_wakes=938 catchup=936 dropped_slots=13
reac-health: drift -3.1 ppm | discard 0.000 frames/s (0.000 ms/s) | ring 17 frames (4.25 ms) | late 1.18/s (catchup 1.18/s, dropped 0.00/s, worst debt 1 slots) | tx_errors 0 | rate-match 3214.3 ppm
reac-pacer: ring depth 17 frames (4.25 ms) [interval min 2 (0.50 ms) max 38 (9.50 ms)] | guard trims=0 dropped=0 frames | tx_errors=0 late_wakes=951 catchup=949 dropped_slots=13
reac-health: drift +0.4 ppm | discard 0.000 frames/s (0.000 ms/s) | ring 17 frames (4.25 ms) | late 1.30/s (catchup 1.30/s, dropped 0.00/s, worst debt 2 slots) | tx_errors 0 | rate-match 3214.3 ppm
reac-pacer: ring depth 18 frames (4.50 ms) [interval min 0 (0.00 ms) max 38 (9.50 ms)] | guard trims=0 dropped=0 frames | tx_errors=0 late_wakes=963 catchup=961 dropped_slots=13
reac-health: drift +0.6 ppm | discard 0.000 frames/s (0.000 ms/s) | ring 18 frames (4.50 ms) | late 1.20/s (catchup 1.20/s, dropped 0.00/s, worst debt 1 slots) | tx_errors 0 | rate-match 3214.3 ppm
reac-pacer: ring depth 22 frames (5.50 ms) [interval min 0 (0.00 ms) max 41 (10.25 ms)] | guard trims=0 dropped=0 frames | tx_errors=0 late_wakes=976 catchup=974 dropped_slots=13
reac-health: drift -11.9 ppm | discard 0.000 frames/s (0.000 ms/s) | ring 31 frames (7.75 ms) | late 1.27/s (catchup 1.27/s, dropped 0.00/s, worst debt 2 slots) | tx_errors 0 | rate-match 2976.2 ppm
reac-pacer: ring depth 22 frames (5.50 ms) [interval min 6 (1.50 ms) max 41 (10.25 ms)] | guard trims=0 dropped=0 frames | tx_errors=0 late_wakes=992 catchup=990 dropped_slots=13
reac-health: drift +11.8 ppm | discard 0.000 frames/s (0.000 ms/s) | ring 22 frames (5.50 ms) | late 1.57/s (catchup 1.57/s, dropped 0.00/s, worst debt 1 slots) | tx_errors 0 | rate-match 2857.1 ppm
reac-pacer: ring depth 32 frames (8.00 ms) [interval min 7 (1.75 ms) max 41 (10.25 ms)] | guard trims=0 dropped=0 frames | tx_errors=0 late_wakes=1002 catchup=1000 dropped_slots=13
reac-health: drift -1.8 ppm | discard 0.000 frames/s (0.000 ms/s) | ring 32 frames (8.00 ms) | late 0.98/s (catchup 0.98/s, dropped 0.00/s, worst debt 1 slots) | tx_errors 0 | rate-match 3214.3 ppm
reac-pacer: ring depth 22 frames (5.50 ms) [interval min 4 (1.00 ms) max 40 (10.00 ms)] | guard trims=0 dropped=0 frames | tx_errors=0 late_wakes=1012 catchup=1010 dropped_slots=13
reac-health: drift +0.1 ppm | discard 0.000 frames/s (0.000 ms/s) | ring 32 frames (8.00 ms) | late 1.00/s (catchup 1.00/s, dropped 0.00/s, worst debt 1 slots) | tx_errors 0 | rate-match 3333.3 ppm
reac-pacer: ring depth 22 frames (5.50 ms) [interval min 4 (1.00 ms) max 40 (10.00 ms)] | guard trims=0 dropped=0 frames | tx_errors=0 late_wakes=1022 catchup=1020 dropped_slots=13
reac-health: drift +0.5 ppm | discard 0.000 frames/s (0.000 ms/s) | ring 32 frames (8.00 ms) | late 1.00/s (catchup 1.00/s, dropped 0.00/s, worst debt 1 slots) | tx_errors 0 | rate-match 3333.3 ppm
reac-pacer: ring depth 32 frames (8.00 ms) [interval min 4 (1.00 ms) max 40 (10.00 ms)] | guard trims=0 dropped=0 frames | tx_errors=0 late_wakes=1034 catchup=1032 dropped_slots=13
reac-health: drift +3.8 ppm | discard 0.000 frames/s (0.000 ms/s) | ring 32 frames (8.00 ms) | late 1.20/s (catchup 1.20/s, dropped 0.00/s, worst debt 1 slots) | tx_errors 0 | rate-match 2976.2 ppm
reac-pacer: ring depth 22 frames (5.50 ms) [interval min 4 (1.00 ms) max 39 (9.75 ms)] | guard trims=0 dropped=0 frames | tx_errors=0 late_wakes=1046 catchup=1044 dropped_slots=13
reac-health: drift -3.0 ppm | discard 0.000 frames/s (0.000 ms/s) | ring 22 frames (5.50 ms) | late 1.18/s (catchup 1.18/s, dropped 0.00/s, worst debt 2 slots) | tx_errors 0 | rate-match 3452.4 ppm
reac-pacer: ring depth 21 frames (5.25 ms) [interval min 1 (0.25 ms) max 39 (9.75 ms)] | guard trims=0 dropped=0 frames | tx_errors=0 late_wakes=1061 catchup=1059 dropped_slots=13
reac-health: drift -12.6 ppm | discard 0.000 frames/s (0.000 ms/s) | ring 21 frames (5.25 ms) | late 1.50/s (catchup 1.50/s, dropped 0.00/s, worst debt 2 slots) | tx_errors 0 | rate-match 3452.4 ppm
reac-pacer: ring depth 32 frames (8.00 ms) [interval min 6 (1.50 ms) max 38 (9.50 ms)] | guard trims=0 dropped=0 frames | tx_errors=0 late_wakes=1073 catchup=1071 dropped_slots=13
reac-health: drift +12.3 ppm | discard 0.000 frames/s (0.000 ms/s) | ring 32 frames (8.00 ms) | late 1.18/s (catchup 1.18/s, dropped 0.00/s, worst debt 2 slots) | tx_errors 0 | rate-match 3095.2 ppm
reac-pacer: ring depth 32 frames (8.00 ms) [interval min 4 (1.00 ms) max 39 (9.75 ms)] | guard trims=0 dropped=0 frames | tx_errors=0 late_wakes=1087 catchup=1085 dropped_slots=13
reac-health: drift +0.8 ppm | discard 0.000 frames/s (0.000 ms/s) | ring 32 frames (8.00 ms) | late 1.40/s (catchup 1.40/s, dropped 0.00/s, worst debt 2 slots) | tx_errors 0 | rate-match 3095.2 ppm
reac-pacer: ring depth 32 frames (8.00 ms) [interval min 6 (1.50 ms) max 39 (9.75 ms)] | guard trims=0 dropped=0 frames | tx_errors=0 late_wakes=1098 catchup=1096 dropped_slots=13
reac-health: drift +1.4 ppm | discard 0.000 frames/s (0.000 ms/s) | ring 32 frames (8.00 ms) | late 1.10/s (catchup 1.10/s, dropped 0.00/s, worst debt 1 slots) | tx_errors 0 | rate-match 3333.3 ppm
reac-pacer: ring depth 22 frames (5.50 ms) [interval min 2 (0.50 ms) max 38 (9.50 ms)] | guard trims=0 dropped=0 frames | tx_errors=0 late_wakes=1108 catchup=1106 dropped_slots=13
reac-health: drift -2.2 ppm | discard 0.000 frames/s (0.000 ms/s) | ring 22 frames (5.50 ms) | late 0.98/s (catchup 0.98/s, dropped 0.00/s, worst debt 1 slots) | tx_errors 0 | rate-match 3333.3 ppm
reac-pacer: ring depth 32 frames (8.00 ms) [interval min 6 (1.50 ms) max 38 (9.50 ms)] | guard trims=0 dropped=0 frames | tx_errors=0 late_wakes=1118 catchup=1116 dropped_slots=13
reac-health: drift +0.1 ppm | discard 0.000 frames/s (0.000 ms/s) | ring 32 frames (8.00 ms) | late 0.98/s (catchup 0.98/s, dropped 0.00/s, worst debt 1 slots) | tx_errors 0 | rate-match 3333.3 ppm
reac-pacer: ring depth 22 frames (5.50 ms) [interval min 2 (0.50 ms) max 38 (9.50 ms)] | guard trims=0 dropped=0 frames | tx_errors=0 late_wakes=1129 catchup=1127 dropped_slots=13
reac-health: drift -0.0 ppm | discard 0.000 frames/s (0.000 ms/s) | ring 22 frames (5.50 ms) | late 1.08/s (catchup 1.08/s, dropped 0.00/s, worst debt 1 slots) | tx_errors 0 | rate-match 3333.3 ppm
reac-pacer: ring depth 11 frames (2.75 ms) [interval min 3 (0.75 ms) max 37 (9.25 ms)] | guard trims=0 dropped=0 frames | tx_errors=0 late_wakes=1145 catchup=1143 dropped_slots=13
reac-health: drift +0.1 ppm | discard 0.000 frames/s (0.000 ms/s) | ring 11 frames (2.75 ms) | late 1.57/s (catchup 1.57/s, dropped 0.00/s, worst debt 2 slots) | tx_errors 0 | rate-match 3333.3 ppm
reac-pacer: ring depth 32 frames (8.00 ms) [interval min 1 (0.25 ms) max 36 (9.00 ms)] | guard trims=0 dropped=0 frames | tx_errors=0 late_wakes=1158 catchup=1156 dropped_slots=13
reac-health: drift -0.8 ppm | discard 0.000 frames/s (0.000 ms/s) | ring 22 frames (5.50 ms) | late 1.37/s (catchup 1.37/s, dropped 0.00/s, worst debt 1 slots) | tx_errors 0 | rate-match 3571.4 ppm
reac-pacer: ring depth 37 frames (9.25 ms) [interval min 0 (0.00 ms) max 41 (10.25 ms)] | guard trims=0 dropped=0 frames | tx_errors=0 late_wakes=1175 catchup=1173 dropped_slots=13
reac-health: drift +0.4 ppm | discard 0.000 frames/s (0.000 ms/s) | ring 27 frames (6.75 ms) | late 1.60/s (catchup 1.60/s, dropped 0.00/s, worst debt 3 slots) | tx_errors 0 | rate-match 2976.2 ppm
reac-pacer: ring depth 26 frames (6.50 ms) [interval min 6 (1.50 ms) max 41 (10.25 ms)] | guard trims=0 dropped=0 frames | tx_errors=0 late_wakes=1188 catchup=1186 dropped_slots=13
reac-health: drift -11.3 ppm | discard 0.000 frames/s (0.000 ms/s) | ring 26 frames (6.50 ms) | late 1.30/s (catchup 1.30/s, dropped 0.00/s, worst debt 1 slots) | tx_errors 0 | rate-match 3214.3 ppm
reac-pacer: ring depth 37 frames (9.25 ms) [interval min 7 (1.75 ms) max 40 (10.00 ms)] | guard trims=0 dropped=0 frames | tx_errors=0 late_wakes=1200 catchup=1198 dropped_slots=13
reac-health: drift +13.8 ppm | discard 0.000 frames/s (0.000 ms/s) | ring 37 frames (9.25 ms) | late 1.18/s (catchup 1.18/s, dropped 0.00/s, worst debt 1 slots) | tx_errors 0 | rate-match 2857.1 ppm
reac-pacer: ring depth 27 frames (6.75 ms) [interval min 3 (0.75 ms) max 40 (10.00 ms)] | guard trims=0 dropped=0 frames | tx_errors=0 late_wakes=1212 catchup=1210 dropped_slots=13
reac-health: drift -1.4 ppm | discard 0.000 frames/s (0.000 ms/s) | ring 27 frames (6.75 ms) | late 1.18/s (catchup 1.18/s, dropped 0.00/s, worst debt 2 slots) | tx_errors 0 | rate-match 3333.3 ppm
reac-pacer: ring depth 27 frames (6.75 ms) [interval min 6 (1.50 ms) max 41 (10.25 ms)] | guard trims=0 dropped=0 frames | tx_errors=0 late_wakes=1227 catchup=1225 dropped_slots=13
reac-health: drift -2.1 ppm | discard 0.000 frames/s (0.000 ms/s) | ring 37 frames (9.25 ms) | late 1.47/s (catchup 1.47/s, dropped 0.00/s, worst debt 2 slots) | tx_errors 0 | rate-match 2976.2 ppm
reac-pacer: ring depth 39 frames (9.75 ms) [interval min 0 (0.00 ms) max 43 (10.75 ms)] | guard trims=0 dropped=0 frames | tx_errors=0 late_wakes=1242 catchup=1240 dropped_slots=13
reac-health: drift -8.4 ppm | discard 0.000 frames/s (0.000 ms/s) | ring 39 frames (9.75 ms) | late 1.50/s (catchup 1.50/s, dropped 0.00/s, worst debt 1 slots) | tx_errors 0 | rate-match 2738.1 ppm
reac-pacer: ring depth 29 frames (7.25 ms) [interval min 8 (2.00 ms) max 43 (10.75 ms)] | guard trims=0 dropped=0 frames | tx_errors=0 late_wakes=1255 catchup=1253 dropped_slots=13
reac-health: drift +7.9 ppm | discard 0.000 frames/s (0.000 ms/s) | ring 29 frames (7.25 ms) | late 1.27/s (catchup 1.27/s, dropped 0.00/s, worst debt 2 slots) | tx_errors 0 | rate-match 2857.1 ppm
reac-pacer: ring depth 20 frames (5.00 ms) [interval min 0 (0.00 ms) max 43 (10.75 ms)] | guard trims=0 dropped=0 frames | tx_errors=0 late_wakes=1269 catchup=1267 dropped_slots=13
reac-health: drift +3.2 ppm | discard 0.000 frames/s (0.000 ms/s) | ring 20 frames (5.00 ms) | late 1.37/s (catchup 1.37/s, dropped 0.00/s, worst debt 2 slots) | tx_errors 0 | rate-match 2857.1 ppm
reac-pacer: ring depth 31 frames (7.75 ms) [interval min 9 (2.25 ms) max 43 (10.75 ms)] | guard trims=0 dropped=0 frames | tx_errors=0 late_wakes=1283 catchup=1281 dropped_slots=13
reac-health: drift +1.4 ppm | discard 0.000 frames/s (0.000 ms/s) | ring 31 frames (7.75 ms) | late 1.37/s (catchup 1.37/s, dropped 0.00/s, worst debt 2 slots) | tx_errors 0 | rate-match 2738.1 ppm
reac-pacer: ring depth 20 frames (5.00 ms) [interval min 7 (1.75 ms) max 43 (10.75 ms)] | guard trims=0 dropped=0 frames | tx_errors=0 late_wakes=1297 catchup=1295 dropped_slots=13
reac-health: drift -3.1 ppm | discard 0.000 frames/s (0.000 ms/s) | ring 20 frames (5.00 ms) | late 1.37/s (catchup 1.37/s, dropped 0.00/s, worst debt 2 slots) | tx_errors 0 | rate-match 2619.0 ppm
reac-pacer: ring depth 20 frames (5.00 ms) [interval min 7 (1.75 ms) max 42 (10.50 ms)] | guard trims=0 dropped=0 frames | tx_errors=0 late_wakes=1313 catchup=1311 dropped_slots=13
reac-health: drift +0.4 ppm | discard 0.000 frames/s (0.000 ms/s) | ring 20 frames (5.00 ms) | late 1.60/s (catchup 1.60/s, dropped 0.00/s, worst debt 2 slots) | tx_errors 0 | rate-match 2738.1 ppm
reac-pacer: ring depth 40 frames (10.00 ms) [interval min 5 (1.25 ms) max 42 (10.50 ms)] | guard trims=0 dropped=0 frames | tx_errors=0 late_wakes=1315 catchup=1313 dropped_slots=13
reac-health: drift -13.8 ppm | discard 0.000 frames/s (0.000 ms/s) | ring 40 frames (10.00 ms) | late 0.20/s (catchup 0.20/s, dropped 0.00/s, worst debt 1 slots) | tx_errors 0 | rate-match 2619.0 ppm
reac-pacer: ring depth 31 frames (7.75 ms) [interval min 5 (1.25 ms) max 41 (10.25 ms)] | guard trims=0 dropped=0 frames | tx_errors=0 late_wakes=1321 catchup=1319 dropped_slots=13
reac-health: drift +13.4 ppm | discard 0.000 frames/s (0.000 ms/s) | ring 31 frames (7.75 ms) | late 0.59/s (catchup 0.59/s, dropped 0.00/s, worst debt 3 slots) | tx_errors 0 | rate-match 3095.2 ppm
reac-pacer: ring depth 28 frames (7.00 ms) [interval min 8 (2.00 ms) max 49 (12.25 ms)] | guard trims=0 dropped=0 frames | tx_errors=0 late_wakes=1328 catchup=1325 dropped_slots=21
reac-health: drift +214.8 ppm | discard 0.000 frames/s (0.000 ms/s) | ring 30 frames (7.50 ms) | late 0.69/s (catchup 0.59/s, dropped 0.78/s, worst debt 8 slots) | tx_errors 0 | rate-match 1666.7 ppm
reac-pacer: ring depth 39 frames (9.75 ms) [interval min 15 (3.75 ms) max 49 (12.25 ms)] | guard trims=0 dropped=0 frames | tx_errors=0 late_wakes=1334 catchup=1331 dropped_slots=21
reac-health: drift -19.0 ppm | discard 0.000 frames/s (0.000 ms/s) | ring 39 frames (9.75 ms) | late 0.59/s (catchup 0.59/s, dropped 0.00/s, worst debt 2 slots) | tx_errors 0 | rate-match 2261.9 ppm
reac-pacer: ring depth 45 frames (11.25 ms) [interval min 14 (3.50 ms) max 55 (13.75 ms)] | guard trims=0 dropped=0 frames | tx_errors=0 late_wakes=1338 catchup=1334 dropped_slots=26
reac-health: drift +150.6 ppm | discard 0.000 frames/s (0.000 ms/s) | ring 45 frames (11.25 ms) | late 0.40/s (catchup 0.30/s, dropped 0.50/s, worst debt 5 slots) | tx_errors 0 | rate-match 1309.5 ppm
reac-pacer: ring depth 34 frames (8.50 ms) [interval min 19 (4.75 ms) max 55 (13.75 ms)] | guard trims=0 dropped=0 frames | tx_errors=0 late_wakes=1340 catchup=1336 dropped_slots=26
reac-health: drift -0.9 ppm | discard 0.000 frames/s (0.000 ms/s) | ring 34 frames (8.50 ms) | late 0.20/s (catchup 0.20/s, dropped 0.00/s, worst debt 1 slots) | tx_errors 0 | rate-match 1428.6 ppm
reac-pacer: ring depth 34 frames (8.50 ms) [interval min 17 (4.25 ms) max 54 (13.50 ms)] | guard trims=0 dropped=0 frames | tx_errors=0 late_wakes=1343 catchup=1339 dropped_slots=26
reac-health: drift +0.2 ppm | discard 0.000 frames/s (0.000 ms/s) | ring 34 frames (8.50 ms) | late 0.30/s (catchup 0.30/s, dropped 0.00/s, worst debt 1 slots) | tx_errors 0 | rate-match 1547.6 ppm
reac-pacer: ring depth 45 frames (11.25 ms) [interval min 16 (4.00 ms) max 54 (13.50 ms)] | guard trims=0 dropped=0 frames | tx_errors=0 late_wakes=1343 catchup=1339 dropped_slots=26
reac-health: drift +0.1 ppm | discard 0.000 frames/s (0.000 ms/s) | ring 45 frames (11.25 ms) | late 0.00/s (catchup 0.00/s, dropped 0.00/s, worst debt 0 slots) | tx_errors 0 | rate-match 1309.5 ppm
reac-pacer: ring depth 45 frames (11.25 ms) [interval min 21 (5.25 ms) max 53 (13.25 ms)] | guard trims=0 dropped=0 frames | tx_errors=0 late_wakes=1345 catchup=1341 dropped_slots=26
reac-health: drift +0.4 ppm | discard 0.000 frames/s (0.000 ms/s) | ring 45 frames (11.25 ms) | late 0.20/s (catchup 0.20/s, dropped 0.00/s, worst debt 1 slots) | tx_errors 0 | rate-match 1428.6 ppm
reac-pacer: ring depth 45 frames (11.25 ms) [interval min 18 (4.50 ms) max 53 (13.25 ms)] | guard trims=0 dropped=0 frames | tx_errors=0 late_wakes=1347 catchup=1343 dropped_slots=26
reac-health: drift +0.4 ppm | discard 0.000 frames/s (0.000 ms/s) | ring 45 frames (11.25 ms) | late 0.20/s (catchup 0.20/s, dropped 0.00/s, worst debt 1 slots) | tx_errors 0 | rate-match 1547.6 ppm
reac-pacer: ring depth 34 frames (8.50 ms) [interval min 18 (4.50 ms) max 52 (13.00 ms)] | guard trims=0 dropped=0 frames | tx_errors=0 late_wakes=1356 catchup=1352 dropped_slots=26
reac-health: drift +0.3 ppm | discard 0.000 frames/s (0.000 ms/s) | ring 34 frames (8.50 ms) | late 0.88/s (catchup 0.88/s, dropped 0.00/s, worst debt 1 slots) | tx_errors 0 | rate-match 1428.6 ppm
reac-pacer: ring depth 45 frames (11.25 ms) [interval min 14 (3.50 ms) max 52 (13.00 ms)] | guard trims=0 dropped=0 frames | tx_errors=0 late_wakes=1365 catchup=1361 dropped_slots=26
reac-health: drift -1.3 ppm | discard 0.000 frames/s (0.000 ms/s) | ring 45 frames (11.25 ms) | late 0.88/s (catchup 0.88/s, dropped 0.00/s, worst debt 1 slots) | tx_errors 0 | rate-match 1666.7 ppm
reac-pacer: ring depth 33 frames (8.25 ms) [interval min 15 (3.75 ms) max 52 (13.00 ms)] | guard trims=0 dropped=0 frames | tx_errors=0 late_wakes=1374 catchup=1370 dropped_slots=26
reac-health: drift -11.6 ppm | discard 0.000 frames/s (0.000 ms/s) | ring 33 frames (8.25 ms) | late 0.88/s (catchup 0.88/s, dropped 0.00/s, worst debt 1 slots) | tx_errors 0 | rate-match 1666.7 ppm
reac-pacer: ring depth 45 frames (11.25 ms) [interval min 16 (4.00 ms) max 51 (12.75 ms)] | guard trims=0 dropped=0 frames | tx_errors=0 late_wakes=1385 catchup=1381 dropped_slots=26
reac-health: drift +12.9 ppm | discard 0.000 frames/s (0.000 ms/s) | ring 45 frames (11.25 ms) | late 1.08/s (catchup 1.08/s, dropped 0.00/s, worst debt 1 slots) | tx_errors 0 | rate-match 2023.8 ppm
reac-pacer: ring depth 44 frames (11.00 ms) [interval min 13 (3.25 ms) max 51 (12.75 ms)] | guard trims=0 dropped=0 frames | tx_errors=0 late_wakes=1395 catchup=1391 dropped_slots=26
reac-health: drift -12.7 ppm | discard 0.000 frames/s (0.000 ms/s) | ring 44 frames (11.00 ms) | late 1.00/s (catchup 1.00/s, dropped 0.00/s, worst debt 1 slots) | tx_errors 0 | rate-match 2023.8 ppm
reac-pacer: ring depth 34 frames (8.50 ms) [interval min 17 (4.25 ms) max 52 (13.00 ms)] | guard trims=0 dropped=0 frames | tx_errors=0 late_wakes=1406 catchup=1402 dropped_slots=26
reac-health: drift +12.1 ppm | discard 0.000 frames/s (0.000 ms/s) | ring 34 frames (8.50 ms) | late 1.08/s (catchup 1.08/s, dropped 0.00/s, worst debt 1 slots) | tx_errors 0 | rate-match 1785.7 ppm
reac-pacer: ring depth 34 frames (8.50 ms) [interval min 13 (3.25 ms) max 51 (12.75 ms)] | guard trims=0 dropped=0 frames | tx_errors=0 late_wakes=1419 catchup=1415 dropped_slots=26
reac-health: drift +1.4 ppm | discard 0.000 frames/s (0.000 ms/s) | ring 34 frames (8.50 ms) | late 1.30/s (catchup 1.30/s, dropped 0.00/s, worst debt 2 slots) | tx_errors 0 | rate-match 2023.8 ppm
reac-pacer: ring depth 33 frames (8.25 ms) [interval min 15 (3.75 ms) max 51 (12.75 ms)] | guard trims=0 dropped=0 frames | tx_errors=0 late_wakes=1421 catchup=1417 dropped_slots=26
reac-health: drift -14.6 ppm | discard 0.000 frames/s (0.000 ms/s) | ring 33 frames (8.25 ms) | late 0.20/s (catchup 0.20/s, dropped 0.00/s, worst debt 1 slots) | tx_errors 0 | rate-match 2023.8 ppm
reac-pacer: ring depth 44 frames (11.00 ms) [interval min 15 (3.75 ms) max 50 (12.50 ms)] | guard trims=0 dropped=0 frames | tx_errors=0 late_wakes=1426 catchup=1422 dropped_slots=26
reac-health: drift +3.4 ppm | discard 0.000 frames/s (0.000 ms/s) | ring 44 frames (11.00 ms) | late 0.49/s (catchup 0.49/s, dropped 0.00/s, worst debt 2 slots) | tx_errors 0 | rate-match 1785.7 ppm
reac-pacer: ring depth 34 frames (8.50 ms) [interval min 15 (3.75 ms) max 50 (12.50 ms)] | guard trims=0 dropped=0 frames | tx_errors=0 late_wakes=1428 catchup=1424 dropped_slots=26
reac-health: drift +8.9 ppm | discard 0.000 frames/s (0.000 ms/s) | ring 34 frames (8.50 ms) | late 0.20/s (catchup 0.20/s, dropped 0.00/s, worst debt 1 slots) | tx_errors 0 | rate-match 1785.7 ppm
reac-pacer: ring depth 45 frames (11.25 ms) [interval min 14 (3.50 ms) max 50 (12.50 ms)] | guard trims=0 dropped=0 frames | tx_errors=0 late_wakes=1432 catchup=1428 dropped_slots=26
reac-health: drift +0.8 ppm | discard 0.000 frames/s (0.000 ms/s) | ring 45 frames (11.25 ms) | late 0.39/s (catchup 0.39/s, dropped 0.00/s, worst debt 1 slots) | tx_errors 0 | rate-match 2142.9 ppm
reac-pacer: ring depth 45 frames (11.25 ms) [interval min 16 (4.00 ms) max 49 (12.25 ms)] | guard trims=0 dropped=0 frames | tx_errors=0 late_wakes=1433 catchup=1429 dropped_slots=26
reac-health: drift +0.1 ppm | discard 0.000 frames/s (0.000 ms/s) | ring 45 frames (11.25 ms) | late 0.10/s (catchup 0.10/s, dropped 0.00/s, worst debt 1 slots) | tx_errors 0 | rate-match 2142.9 ppm
reac-pacer: ring depth 34 frames (8.50 ms) [interval min 12 (3.00 ms) max 48 (12.00 ms)] | guard trims=0 dropped=0 frames | tx_errors=0 late_wakes=1438 catchup=1434 dropped_slots=26
reac-health: drift -1.0 ppm | discard 0.000 frames/s (0.000 ms/s) | ring 34 frames (8.50 ms) | late 0.49/s (catchup 0.49/s, dropped 0.00/s, worst debt 2 slots) | tx_errors 0 | rate-match 1904.8 ppm
reac-pacer: ring depth 34 frames (8.50 ms) [interval min 11 (2.75 ms) max 49 (12.25 ms)] | guard trims=0 dropped=0 frames | tx_errors=0 late_wakes=1438 catchup=1434 dropped_slots=26
reac-health: drift +3.5 ppm | discard 0.000 frames/s (0.000 ms/s) | ring 34 frames (8.50 ms) | late 0.00/s (catchup 0.00/s, dropped 0.00/s, worst debt 0 slots) | tx_errors 0 | rate-match 1904.8 ppm
reac-pacer: ring depth 23 frames (5.75 ms) [interval min 12 (3.00 ms) max 48 (12.00 ms)] | guard trims=0 dropped=0 frames | tx_errors=0 late_wakes=1441 catchup=1437 dropped_slots=26
reac-health: drift -3.4 ppm | discard 0.000 frames/s (0.000 ms/s) | ring 23 frames (5.75 ms) | late 0.29/s (catchup 0.29/s, dropped 0.00/s, worst debt 1 slots) | tx_errors 0 | rate-match 2023.8 ppm
reac-pacer: ring depth 22 frames (5.50 ms) [interval min 12 (3.00 ms) max 47 (11.75 ms)] | guard trims=0 dropped=0 frames | tx_errors=0 late_wakes=1449 catchup=1445 dropped_slots=26
reac-health: drift -11.8 ppm | discard 0.000 frames/s (0.000 ms/s) | ring 22 frames (5.50 ms) | late 0.80/s (catchup 0.80/s, dropped 0.00/s, worst debt 2 slots) | tx_errors 0 | rate-match 2142.9 ppm
reac-pacer: ring depth 34 frames (8.50 ms) [interval min 11 (2.75 ms) max 48 (12.00 ms)] | guard trims=0 dropped=0 frames | tx_errors=0 late_wakes=1453 catchup=1449 dropped_slots=26
reac-health: drift +11.7 ppm | discard 0.000 frames/s (0.000 ms/s) | ring 34 frames (8.50 ms) | late 0.39/s (catchup 0.39/s, dropped 0.00/s, worst debt 1 slots) | tx_errors 0 | rate-match 2142.9 ppm
reac-pacer: ring depth 34 frames (8.50 ms) [interval min 13 (3.25 ms) max 48 (12.00 ms)] | guard trims=0 dropped=0 frames | tx_errors=0 late_wakes=1458 catchup=1454 dropped_slots=26
reac-health: drift +0.1 ppm | discard 0.000 frames/s (0.000 ms/s) | ring 34 frames (8.50 ms) | late 0.50/s (catchup 0.50/s, dropped 0.00/s, worst debt 1 slots) | tx_errors 0 | rate-match 2381.0 ppm
reac-pacer: ring depth 34 frames (8.50 ms) [interval min 14 (3.50 ms) max 47 (11.75 ms)] | guard trims=0 dropped=0 frames | tx_errors=0 late_wakes=1459 catchup=1455 dropped_slots=26
reac-health: drift -1.2 ppm | discard 0.000 frames/s (0.000 ms/s) | ring 45 frames (11.25 ms) | late 0.10/s (catchup 0.10/s, dropped 0.00/s, worst debt 1 slots) | tx_errors 0 | rate-match 2142.9 ppm
reac-pacer: ring depth 34 frames (8.50 ms) [interval min 10 (2.50 ms) max 47 (11.75 ms)] | guard trims=0 dropped=0 frames | tx_errors=0 late_wakes=1462 catchup=1458 dropped_slots=26
reac-health: drift -12.9 ppm | discard 0.000 frames/s (0.000 ms/s) | ring 33 frames (8.25 ms) | late 0.29/s (catchup 0.29/s, dropped 0.00/s, worst debt 1 slots) | tx_errors 0 | rate-match 2381.0 ppm
reac-pacer: ring depth 33 frames (8.25 ms) [interval min 8 (2.00 ms) max 47 (11.75 ms)] | guard trims=0 dropped=0 frames | tx_errors=0 late_wakes=1466 catchup=1462 dropped_slots=26
reac-health: drift +12.7 ppm | discard 0.000 frames/s (0.000 ms/s) | ring 23 frames (5.75 ms) | late 0.49/s (catchup 0.49/s, dropped 0.00/s, worst debt 1 slots) | tx_errors 0 | rate-match 2500.0 ppm
reac-pacer: ring depth 23 frames (5.75 ms) [interval min 8 (2.00 ms) max 46 (11.50 ms)] | guard trims=0 dropped=0 frames | tx_errors=0 late_wakes=1470 catchup=1466 dropped_slots=26
reac-health: drift +1.6 ppm | discard 0.000 frames/s (0.000 ms/s) | ring 23 frames (5.75 ms) | late 0.30/s (catchup 0.30/s, dropped 0.00/s, worst debt 1 slots) | tx_errors 0 | rate-match 2381.0 ppm
reac-pacer: ring depth 34 frames (8.50 ms) [interval min 10 (2.50 ms) max 46 (11.50 ms)] | guard trims=0 dropped=0 frames | tx_errors=0 late_wakes=1473 catchup=1469 dropped_slots=26
reac-health: drift -15.0 ppm | discard 0.000 frames/s (0.000 ms/s) | ring 22 frames (5.50 ms) | late 0.30/s (catchup 0.30/s, dropped 0.00/s, worst debt 1 slots) | tx_errors 0 | rate-match 2619.0 ppm
reac-pacer: ring depth 34 frames (8.50 ms) [interval min 11 (2.75 ms) max 45 (11.25 ms)] | guard trims=0 dropped=0 frames | tx_errors=0 late_wakes=1473 catchup=1469 dropped_slots=26
reac-health: drift +13.6 ppm | discard 0.000 frames/s (0.000 ms/s) | ring 34 frames (8.50 ms) | late 0.00/s (catchup 0.00/s, dropped 0.00/s, worst debt 0 slots) | tx_errors 0 | rate-match 2261.9 ppm
reac-pacer: ring depth 41 frames (10.25 ms) [interval min 10 (2.50 ms) max 52 (13.00 ms)] | guard trims=0 dropped=0 frames | tx_errors=0 late_wakes=1483 catchup=1478 dropped_slots=33
reac-health: drift +172.6 ppm | discard 0.000 frames/s (0.000 ms/s) | ring 30 frames (7.50 ms) | late 0.98/s (catchup 0.88/s, dropped 0.69/s, worst debt 7 slots) | tx_errors 0 | rate-match 1428.6 ppm
reac-pacer: ring depth 29 frames (7.25 ms) [interval min 15 (3.75 ms) max 52 (13.00 ms)] | guard trims=0 dropped=0 frames | tx_errors=0 late_wakes=1483 catchup=1478 dropped_slots=33
reac-health: drift +8.6 ppm | discard 0.000 frames/s (0.000 ms/s) | ring 30 frames (7.50 ms) | late 0.00/s (catchup 0.00/s, dropped 0.00/s, worst debt 0 slots) | tx_errors 0 | rate-match 1547.6 ppm
reac-pacer: ring depth 29 frames (7.25 ms) [interval min 15 (3.75 ms) max 51 (12.75 ms)] | guard trims=0 dropped=0 frames | tx_errors=0 late_wakes=1484 catchup=1479 dropped_slots=33
reac-health: drift -18.8 ppm | discard 0.000 frames/s (0.000 ms/s) | ring 40 frames (10.00 ms) | late 0.10/s (catchup 0.10/s, dropped 0.00/s, worst debt 1 slots) | tx_errors 0 | rate-match 1785.7 ppm
reac-pacer: ring depth 41 frames (10.25 ms) [interval min 14 (3.50 ms) max 51 (12.75 ms)] | guard trims=0 dropped=0 frames | tx_errors=0 late_wakes=1485 catchup=1480 dropped_slots=33
reac-health: drift +3.7 ppm | discard 0.000 frames/s (0.000 ms/s) | ring 29 frames (7.25 ms) | late 0.10/s (catchup 0.10/s, dropped 0.00/s, worst debt 1 slots) | tx_errors 0 | rate-match 1785.7 ppm
reac-pacer: ring depth 29 frames (7.25 ms) [interval min 14 (3.50 ms) max 52 (13.00 ms)] | guard trims=0 dropped=0 frames | tx_errors=0 late_wakes=1487 catchup=1482 dropped_slots=33
reac-health: drift +5.3 ppm | discard 0.000 frames/s (0.000 ms/s) | ring 41 frames (10.25 ms) | late 0.20/s (catchup 0.20/s, dropped 0.00/s, worst debt 1 slots) | tx_errors 0 | rate-match 1904.8 ppm
reac-pacer: ring depth 41 frames (10.25 ms) [interval min 16 (4.00 ms) max 51 (12.75 ms)] | guard trims=0 dropped=0 frames | tx_errors=0 late_wakes=1497 catchup=1492 dropped_slots=33
reac-health: drift -0.4 ppm | discard 0.000 frames/s (0.000 ms/s) | ring 30 frames (7.50 ms) | late 1.18/s (catchup 1.18/s, dropped 0.00/s, worst debt 1 slots) | tx_errors 0 | rate-match 1904.8 ppm
reac-pacer: ring depth 41 frames (10.25 ms) [interval min 13 (3.25 ms) max 51 (12.75 ms)] | guard trims=0 dropped=0 frames | tx_errors=0 late_wakes=1511 catchup=1506 dropped_slots=33
reac-health: drift +0.3 ppm | discard 0.000 frames/s (0.000 ms/s) | ring 30 frames (7.50 ms) | late 1.30/s (catchup 1.30/s, dropped 0.00/s, worst debt 1 slots) | tx_errors 0 | rate-match 1904.8 ppm
reac-pacer: ring depth 30 frames (7.50 ms) [interval min 15 (3.75 ms) max 50 (12.50 ms)] | guard trims=0 dropped=0 frames | tx_errors=0 late_wakes=1524 catchup=1519 dropped_slots=33
reac-health: drift +1.5 ppm | discard 0.000 frames/s (0.000 ms/s) | ring 30 frames (7.50 ms) | late 1.20/s (catchup 1.20/s, dropped 0.00/s, worst debt 2 slots) | tx_errors 0 | rate-match 2023.8 ppm
reac-pacer: ring depth 30 frames (7.50 ms) [interval min 14 (3.50 ms) max 50 (12.50 ms)] | guard trims=0 dropped=0 frames | tx_errors=0 late_wakes=1545 catchup=1540 dropped_slots=33
reac-health: drift +8.4 ppm | discard 0.000 frames/s (0.000 ms/s) | ring 41 frames (10.25 ms) | late 2.06/s (catchup 2.06/s, dropped 0.00/s, worst debt 1 slots) | tx_errors 0 | rate-match 1666.7 ppm
reac-pacer: ring depth 41 frames (10.25 ms) [interval min 11 (2.75 ms) max 50 (12.50 ms)] | guard trims=0 dropped=0 frames | tx_errors=0 late_wakes=1563 catchup=1558 dropped_slots=33
reac-health: drift -8.7 ppm | discard 0.000 frames/s (0.000 ms/s) | ring 30 frames (7.50 ms) | late 1.76/s (catchup 1.76/s, dropped 0.00/s, worst debt 2 slots) | tx_errors 0 | rate-match 2142.9 ppm
reac-pacer: ring depth 30 frames (7.50 ms) [interval min 13 (3.25 ms) max 49 (12.25 ms)] | guard trims=0 dropped=0 frames | tx_errors=0 late_wakes=1565 catchup=1560 dropped_slots=33
reac-health: drift -13.6 ppm | discard 0.000 frames/s (0.000 ms/s) | ring 40 frames (10.00 ms) | late 0.20/s (catchup 0.20/s, dropped 0.00/s, worst debt 1 slots) | tx_errors 0 | rate-match 1785.7 ppm
reac-pacer: ring depth 40 frames (10.00 ms) [interval min 14 (3.50 ms) max 49 (12.25 ms)] | guard trims=0 dropped=0 frames | tx_errors=0 late_wakes=1568 catchup=1563 dropped_slots=33
reac-health: drift +14.0 ppm | discard 0.000 frames/s (0.000 ms/s) | ring 30 frames (7.50 ms) | late 0.29/s (catchup 0.29/s, dropped 0.00/s, worst debt 3 slots) | tx_errors 0 | rate-match 1904.8 ppm
reac-pacer: ring depth 30 frames (7.50 ms) [interval min 14 (3.50 ms) max 48 (12.00 ms)] | guard trims=0 dropped=0 frames | tx_errors=0 late_wakes=1570 catchup=1565 dropped_slots=33
reac-health: drift -1.9 ppm | discard 0.000 frames/s (0.000 ms/s) | ring 41 frames (10.25 ms) | late 0.20/s (catchup 0.20/s, dropped 0.00/s, worst debt 1 slots) | tx_errors 0 | rate-match 2023.8 ppm
reac-pacer: ring depth 30 frames (7.50 ms) [interval min 13 (3.25 ms) max 48 (12.00 ms)] | guard trims=0 dropped=0 frames | tx_errors=0 late_wakes=1574 catchup=1569 dropped_slots=33
reac-health: drift +0.1 ppm | discard 0.000 frames/s (0.000 ms/s) | ring 41 frames (10.25 ms) | late 0.40/s (catchup 0.40/s, dropped 0.00/s, worst debt 1 slots) | tx_errors 0 | rate-match 2023.8 ppm
reac-pacer: ring depth 41 frames (10.25 ms) [interval min 16 (4.00 ms) max 47 (11.75 ms)] | guard trims=0 dropped=0 frames | tx_errors=0 late_wakes=1575 catchup=1570 dropped_slots=33
reac-health: drift +0.5 ppm | discard 0.000 frames/s (0.000 ms/s) | ring 41 frames (10.25 ms) | late 0.10/s (catchup 0.10/s, dropped 0.00/s, worst debt 1 slots) | tx_errors 0 | rate-match 2142.9 ppm
reac-pacer: ring depth 41 frames (10.25 ms) [interval min 15 (3.75 ms) max 48 (12.00 ms)] | guard trims=0 dropped=0 frames | tx_errors=0 late_wakes=1588 catchup=1583 dropped_slots=33
reac-health: drift -7.3 ppm | discard 0.000 frames/s (0.000 ms/s) | ring 40 frames (10.00 ms) | late 1.30/s (catchup 1.30/s, dropped 0.00/s, worst debt 2 slots) | tx_errors 0 | rate-match 2261.9 ppm
reac-pacer: ring depth 36 frames (9.00 ms) [interval min 11 (2.75 ms) max 54 (13.50 ms)] | guard trims=0 dropped=0 frames | tx_errors=0 late_wakes=1592 catchup=1586 dropped_slots=39
reac-health: drift +154.1 ppm | discard 0.000 frames/s (0.000 ms/s) | ring 36 frames (9.00 ms) | late 0.39/s (catchup 0.29/s, dropped 0.59/s, worst debt 6 slots) | tx_errors 0 | rate-match 1428.6 ppm
reac-pacer: ring depth 36 frames (9.00 ms) [interval min 18 (4.50 ms) max 54 (13.50 ms)] | guard trims=0 dropped=0 frames | tx_errors=0 late_wakes=1592 catchup=1586 dropped_slots=39
reac-health: drift +0.1 ppm | discard 0.000 frames/s (0.000 ms/s) | ring 36 frames (9.00 ms) | late 0.10/s (catchup 0.10/s, dropped 0.00/s, worst debt 1 slots) | tx_errors 0 | rate-match 1428.6 ppm
reac-pacer: ring depth 36 frames (9.00 ms) [interval min 21 (5.25 ms) max 53 (13.25 ms)] | guard trims=0 dropped=0 frames | tx_errors=0 late_wakes=1595 catchup=1589 dropped_slots=39
reac-health: drift +13.3 ppm | discard 0.000 frames/s (0.000 ms/s) | ring 36 frames (9.00 ms) | late 0.20/s (catchup 0.20/s, dropped 0.00/s, worst debt 1 slots) | tx_errors 0 | rate-match 1666.7 ppm
reac-pacer: ring depth 47 frames (11.75 ms) [interval min 19 (4.75 ms) max 53 (13.25 ms)] | guard trims=0 dropped=0 frames | tx_errors=0 late_wakes=1599 catchup=1593 dropped_slots=39
reac-health: drift -13.6 ppm | discard 0.000 frames/s (0.000 ms/s) | ring 47 frames (11.75 ms) | late 0.39/s (catchup 0.39/s, dropped 0.00/s, worst debt 1 slots) | tx_errors 0 | rate-match 1428.6 ppm
reac-pacer: ring depth 36 frames (9.00 ms) [interval min 18 (4.50 ms) max 53 (13.25 ms)] | guard trims=0 dropped=0 frames | tx_errors=0 late_wakes=1600 catchup=1594 dropped_slots=39
reac-health: drift +0.0 ppm | discard 0.000 frames/s (0.000 ms/s) | ring 47 frames (11.75 ms) | late 0.10/s (catchup 0.10/s, dropped 0.00/s, worst debt 1 slots) | tx_errors 0 | rate-match 1428.6 ppm
reac-pacer: ring depth 36 frames (9.00 ms) [interval min 18 (4.50 ms) max 52 (13.00 ms)] | guard trims=0 dropped=0 frames | tx_errors=0 late_wakes=1600 catchup=1594 dropped_slots=39
reac-health: drift +0.4 ppm | discard 0.000 frames/s (0.000 ms/s) | ring 47 frames (11.75 ms) | late 0.00/s (catchup 0.00/s, dropped 0.00/s, worst debt 0 slots) | tx_errors 0 | rate-match 1785.7 ppm
reac-pacer: ring depth 47 frames (11.75 ms) [interval min 19 (4.75 ms) max 52 (13.00 ms)] | guard trims=0 dropped=0 frames | tx_errors=0 late_wakes=1602 catchup=1596 dropped_slots=39
reac-health: drift +1.3 ppm | discard 0.000 frames/s (0.000 ms/s) | ring 47 frames (11.75 ms) | late 0.20/s (catchup 0.20/s, dropped 0.00/s, worst debt 1 slots) | tx_errors 0 | rate-match 1547.6 ppm
reac-master: shutdown in ESTABLISHED — tx=8041319 err=0 late=1605 | rx_box_frames=8037758 rx_box_ctrl=2015 rx_joins=3 grant_attempts=1 | drops: peer-gone=0 bye=0 mac-change=0 grant-timeout=0 | log-drops=0
